[2017-06-09 00:11:23,233][WARN ][monitor.jvm              ] [node_petutor_01] [gc][young][378290][1889] duration [3.6s], collections [1]/[4.3s], total [3.6s]/[5.3m], memory [329.8mb]->[271.7mb]/[990.7mb], all_pools {[young] [67.5mb]->[636.2kb]/[266.2mb]}{[survivor] [8.5mb]->[8.5mb]/[33.2mb]}{[old] [253.8mb]->[262.5mb]/[691.2mb]}
[2017-06-09 00:22:28,470][WARN ][monitor.jvm              ] [node_petutor_01] [gc][young][378949][1890] duration [1s], collections [1]/[1.2s], total [1s]/[5.3m], memory [339.3mb]->[274.5mb]/[990.7mb], all_pools {[young] [68.2mb]->[157.2kb]/[266.2mb]}{[survivor] [8.5mb]->[6.3mb]/[33.2mb]}{[old] [262.5mb]->[268mb]/[691.2mb]}
[2017-06-09 14:24:10,412][WARN ][monitor.jvm              ] [node_petutor_01] [gc][young][397354][1918] duration [6.8s], collections [1]/[7.8s], total [6.8s]/[5.5m], memory [330.8mb]->[291.7mb]/[990.7mb], all_pools {[young] [62.5mb]->[650.5kb]/[266.2mb]}{[survivor] [281.8kb]->[8.5mb]/[33.2mb]}{[old] [268mb]->[282.6mb]/[691.2mb]}
[2017-06-09 14:24:31,929][WARN ][monitor.jvm              ] [node_petutor_01] [gc][young][397366][1919] duration [9s], collections [1]/[9.9s], total [9s]/[5.6m], memory [337mb]->[310.2mb]/[990.7mb], all_pools {[young] [45.8mb]->[521kb]/[266.2mb]}{[survivor] [8.5mb]->[8.5mb]/[33.2mb]}{[old] [282.6mb]->[301.2mb]/[691.2mb]}
[2017-06-09 14:25:05,426][WARN ][monitor.jvm              ] [node_petutor_01] [gc][young][397391][1920] duration [8.8s], collections [1]/[9.3s], total [8.8s]/[5.8m], memory [375.5mb]->[341.1mb]/[990.7mb], all_pools {[young] [65.8mb]->[354kb]/[266.2mb]}{[survivor] [8.5mb]->[8.5mb]/[33.2mb]}{[old] [301.2mb]->[332.3mb]/[691.2mb]}
[2017-06-09 14:25:14,755][WARN ][monitor.jvm              ] [node_petutor_01] [gc][young][397394][1921] duration [6.4s], collections [1]/[7.3s], total [6.4s]/[5.9m], memory [382.5mb]->[392.3mb]/[990.7mb], all_pools {[young] [41.7mb]->[29.1mb]/[266.2mb]}{[survivor] [8.5mb]->[8.5mb]/[33.2mb]}{[old] [332.3mb]->[354.6mb]/[691.2mb]}
[2017-06-09 14:25:34,878][WARN ][monitor.jvm              ] [node_petutor_01] [gc][young][397401][1922] duration [12.7s], collections [1]/[13.9s], total [12.7s]/[6.1m], memory [408.1mb]->[419.8mb]/[990.7mb], all_pools {[young] [45mb]->[815.5kb]/[266.2mb]}{[survivor] [8.5mb]->[8.5mb]/[33.2mb]}{[old] [354.6mb]->[410.5mb]/[691.2mb]}
[2017-06-09 14:25:48,789][WARN ][monitor.jvm              ] [node_petutor_01] [gc][young][397403][1923] duration [12s], collections [1]/[12.5s], total [12s]/[6.3m], memory [463.8mb]->[475.5mb]/[990.7mb], all_pools {[young] [44.7mb]->[871kb]/[266.2mb]}{[survivor] [8.5mb]->[8.5mb]/[33.2mb]}{[old] [410.5mb]->[466.2mb]/[691.2mb]}
[2017-06-09 14:26:32,741][WARN ][monitor.jvm              ] [node_petutor_01] [gc][young][397446][1924] duration [1.3s], collections [1]/[1.7s], total [1.3s]/[6.3m], memory [541.9mb]->[484.3mb]/[990.7mb], all_pools {[young] [67.2mb]->[345.4kb]/[266.2mb]}{[survivor] [8.5mb]->[8.4mb]/[33.2mb]}{[old] [466.2mb]->[475.6mb]/[691.2mb]}
[2017-06-09 14:26:36,578][WARN ][monitor.jvm              ] [node_petutor_01] [gc][young][397447][1925] duration [3.2s], collections [1]/[3.8s], total [3.2s]/[6.4m], memory [484.3mb]->[532.4mb]/[990.7mb], all_pools {[young] [345.4kb]->[29mb]/[266.2mb]}{[survivor] [8.4mb]->[8.5mb]/[33.2mb]}{[old] [475.6mb]->[494.8mb]/[691.2mb]}
[2017-06-09 14:26:50,213][WARN ][monitor.jvm              ] [node_petutor_01] [gc][young][397450][1926] duration [10.7s], collections [1]/[11.6s], total [10.7s]/[6.5m], memory [547.5mb]->[558.3mb]/[990.7mb], all_pools {[young] [44.1mb]->[226.1kb]/[266.2mb]}{[survivor] [8.5mb]->[8.5mb]/[33.2mb]}{[old] [494.8mb]->[549.6mb]/[691.2mb]}
[2017-06-09 14:27:24,380][WARN ][monitor.jvm              ] [node_petutor_01] [gc][young][397472][1928] duration [2.4s], collections [1]/[2.5s], total [2.4s]/[6.6m], memory [398.2mb]->[414.9mb]/[990.7mb], all_pools {[young] [26.2mb]->[28.8mb]/[266.2mb]}{[survivor] [8.2mb]->[8.5mb]/[33.2mb]}{[old] [363.6mb]->[377.6mb]/[691.2mb]}
[2017-06-09 14:27:46,484][WARN ][monitor.jvm              ] [node_petutor_01] [gc][young][397492][1929] duration [2s], collections [1]/[3s], total [2s]/[6.6m], memory [187.7mb]->[172.4mb]/[990.7mb], all_pools {[young] [37mb]->[521.4kb]/[266.2mb]}{[survivor] [8.5mb]->[8.5mb]/[33.2mb]}{[old] [142.1mb]->[163.4mb]/[691.2mb]}
[2017-06-09 14:28:09,682][WARN ][monitor.jvm              ] [node_petutor_01] [gc][young][397512][1931] duration [2.4s], collections [1]/[3.4s], total [2.4s]/[6.7m], memory [178.6mb]->[228.3mb]/[990.7mb], all_pools {[young] [84kb]->[29mb]/[266.2mb]}{[survivor] [8.5mb]->[8.5mb]/[33.2mb]}{[old] [170mb]->[190.7mb]/[691.2mb]}
[2017-06-09 14:28:38,508][WARN ][monitor.jvm              ] [node_petutor_01] [gc][young][397537][1932] duration [4.3s], collections [1]/[4.5s], total [4.3s]/[6.7m], memory [245.1mb]->[223.5mb]/[990.7mb], all_pools {[young] [45.8mb]->[3.1mb]/[266.2mb]}{[survivor] [8.5mb]->[8.5mb]/[33.2mb]}{[old] [190.7mb]->[211.8mb]/[691.2mb]}
[2017-06-09 14:29:53,772][WARN ][monitor.jvm              ] [node_petutor_01] [gc][young][397611][1933] duration [1.6s], collections [1]/[1.7s], total [1.6s]/[6.8m], memory [288.2mb]->[225.6mb]/[990.7mb], all_pools {[young] [67.8mb]->[55kb]/[266.2mb]}{[survivor] [8.5mb]->[8.3mb]/[33.2mb]}{[old] [211.8mb]->[217.2mb]/[691.2mb]}
[2017-06-09 16:12:29,273][WARN ][monitor.jvm              ] [node_petutor_01] [gc][young][403722][1943] duration [5.7s], collections [1]/[5.7s], total [5.7s]/[6.9m], memory [280.2mb]->[258.7mb]/[990.7mb], all_pools {[young] [60mb]->[1.7mb]/[266.2mb]}{[survivor] [393.6kb]->[8.5mb]/[33.2mb]}{[old] [219.7mb]->[248.7mb]/[691.2mb]}
[2017-06-09 16:16:27,040][WARN ][monitor.jvm              ] [node_petutor_01] [gc][young][403956][1944] duration [2.9s], collections [1]/[3.5s], total [2.9s]/[6.9m], memory [324.8mb]->[271.9mb]/[990.7mb], all_pools {[young] [67.5mb]->[636.5kb]/[266.2mb]}{[survivor] [8.5mb]->[8.4mb]/[33.2mb]}{[old] [248.7mb]->[262.8mb]/[691.2mb]}
[2017-06-09 16:27:30,408][WARN ][monitor.jvm              ] [node_petutor_01] [gc][young][404615][1945] duration [1.3s], collections [1]/[2s], total [1.3s]/[6.9m], memory [339.4mb]->[271.9mb]/[990.7mb], all_pools {[young] [68.1mb]->[479.1kb]/[266.2mb]}{[survivor] [8.4mb]->[486.3kb]/[33.2mb]}{[old] [262.8mb]->[271mb]/[691.2mb]}
[2017-06-09 16:42:12,005][WARN ][monitor.jvm              ] [node_petutor_01] [gc][young][405489][1947] duration [3.1s], collections [1]/[3.7s], total [3.1s]/[7m], memory [334.7mb]->[307.2mb]/[990.7mb], all_pools {[young] [63.2mb]->[2mb]/[266.2mb]}{[survivor] [371.2kb]->[8.4mb]/[33.2mb]}{[old] [271mb]->[296.8mb]/[691.2mb]}
[2017-06-09 17:07:40,220][WARN ][monitor.jvm              ] [node_petutor_01] [gc][young][407006][1951] duration [1.6s], collections [1]/[2.5s], total [1.6s]/[7m], memory [302.3mb]->[355.3mb]/[990.7mb], all_pools {[young] [1.8mb]->[29.1mb]/[266.2mb]}{[survivor] [351.4kb]->[8.4mb]/[33.2mb]}{[old] [300.1mb]->[317.6mb]/[691.2mb]}
