[2017-04-25 09:44:43,335][INFO ][monitor.jvm              ] [node_petutor_01] [gc][young][200628][993] duration [938ms], collections [1]/[1s], total [938ms]/[1m], memory [142.5mb]->[164.3mb]/[990.7mb], all_pools {[young] [25.4mb]->[29.8mb]/[266.2mb]}{[survivor] [6.1mb]->[8.5mb]/[33.2mb]}{[old] [110.9mb]->[125.9mb]/[691.2mb]}
[2017-04-25 09:46:30,617][WARN ][monitor.jvm              ] [node_petutor_01] [gc][young][200734][994] duration [1.1s], collections [1]/[1.6s], total [1.1s]/[1m], memory [169.8mb]->[160.5mb]/[990.7mb], all_pools {[young] [35.4mb]->[608kb]/[266.2mb]}{[survivor] [8.5mb]->[8.5mb]/[33.2mb]}{[old] [125.9mb]->[151.4mb]/[691.2mb]}
[2017-04-25 09:58:44,202][WARN ][monitor.jvm              ] [node_petutor_01] [gc][young][201463][996] duration [1.5s], collections [1]/[1.5s], total [1.5s]/[1.1m], memory [255.3mb]->[218.1mb]/[990.7mb], all_pools {[young] [67.8mb]->[459.6kb]/[266.2mb]}{[survivor] [8.5mb]->[8.5mb]/[33.2mb]}{[old] [178.9mb]->[209.2mb]/[691.2mb]}
[2017-04-25 10:03:48,308][WARN ][monitor.jvm              ] [node_petutor_01] [gc][young][201762][1000] duration [3.3s], collections [2]/[3.6s], total [3.3s]/[1.1m], memory [130.8mb]->[106.1mb]/[990.7mb], all_pools {[young] [50mb]->[1mb]/[266.2mb]}{[survivor] [8.5mb]->[8.5mb]/[33.2mb]}{[old] [72.3mb]->[96.5mb]/[691.2mb]}
[2017-04-25 10:03:49,325][INFO ][monitor.jvm              ] [node_petutor_01] [gc][young][201763][1001] duration [766ms], collections [1]/[1s], total [766ms]/[1.1m], memory [106.1mb]->[133.6mb]/[990.7mb], all_pools {[young] [1mb]->[24.1mb]/[266.2mb]}{[survivor] [8.5mb]->[8.2mb]/[33.2mb]}{[old] [96.5mb]->[101.2mb]/[691.2mb]}
[2017-04-25 11:01:09,060][WARN ][monitor.jvm              ] [node_petutor_01] [gc][young][205178][1016] duration [6s], collections [1]/[6.2s], total [6s]/[1.3m], memory [249.3mb]->[180.2mb]/[990.7mb], all_pools {[young] [67.8mb]->[242.1kb]/[266.2mb]}{[survivor] [8.5mb]->[710.3kb]/[33.2mb]}{[old] [172.9mb]->[179.2mb]/[691.2mb]}
[2017-04-25 11:35:05,737][INFO ][monitor.jvm              ] [node_petutor_01] [gc][young][206092][1018] duration [1.5s], collections [2]/[1.6s], total [1.5s]/[1.3m], memory [237.7mb]->[236.4mb]/[990.7mb], all_pools {[young] [57.8mb]->[29.9mb]/[266.2mb]}{[survivor] [710.3kb]->[8.5mb]/[33.2mb]}{[old] [179.2mb]->[198mb]/[691.2mb]}
[2017-04-25 12:00:18,232][WARN ][monitor.jvm              ] [node_petutor_01] [gc][young][206556][1020] duration [2.1s], collections [2]/[2.6s], total [2.1s]/[1.3m], memory [259.1mb]->[253.3mb]/[990.7mb], all_pools {[young] [52.6mb]->[29.8mb]/[266.2mb]}{[survivor] [8.5mb]->[8.5mb]/[33.2mb]}{[old] [198mb]->[215mb]/[691.2mb]}
[2017-04-25 12:02:29,918][WARN ][monitor.jvm              ] [node_petutor_01] [gc][young][206686][1022] duration [1.2s], collections [1]/[1.8s], total [1.2s]/[1.4m], memory [299.5mb]->[277.3mb]/[990.7mb], all_pools {[young] [67.6mb]->[699.1kb]/[266.2mb]}{[survivor] [8.5mb]->[8.5mb]/[33.2mb]}{[old] [223.3mb]->[268.1mb]/[691.2mb]}
[2017-04-25 12:30:00,233][WARN ][monitor.jvm              ] [node_petutor_01] [gc][young][208325][1037] duration [3.8s], collections [1]/[4.6s], total [3.8s]/[1.4m], memory [269.5mb]->[284.2mb]/[990.7mb], all_pools {[young] [22.9mb]->[618.8kb]/[266.2mb]}{[survivor] [8.4mb]->[8.5mb]/[33.2mb]}{[old] [238.1mb]->[275.1mb]/[691.2mb]}
[2017-04-25 22:38:35,180][INFO ][monitor.jvm              ] [node_petutor_01] [gc][young][234305][1164] duration [740ms], collections [1]/[1s], total [740ms]/[1.5m], memory [284.2mb]->[302.9mb]/[990.7mb], all_pools {[young] [62.7mb]->[31.8mb]/[266.2mb]}{[survivor] [6.5mb]->[8.5mb]/[33.2mb]}{[old] [214.9mb]->[262.6mb]/[691.2mb]}
