[2017-06-08 15:58:54,685][WARN ][monitor.jvm              ] [node_petutor_01] [gc][young][363804][1827] duration [9.9s], collections [1]/[10.8s], total [9.9s]/[4.6m], memory [566.6mb]->[523.7mb]/[990.7mb], all_pools {[young] [66.2mb]->[2.8mb]/[266.2mb]}{[survivor] [333.3kb]->[8.5mb]/[33.2mb]}{[old] [500mb]->[512.3mb]/[691.2mb]}
[2017-06-08 15:59:56,612][WARN ][monitor.jvm              ] [node_petutor_01] [gc][young][363860][1829] duration [2.8s], collections [1]/[3s], total [2.8s]/[4.7m], memory [541.1mb]->[569.7mb]/[990.7mb], all_pools {[young] [25.4mb]->[29.1mb]/[266.2mb]}{[survivor] [2.9mb]->[8.5mb]/[33.2mb]}{[old] [512.7mb]->[532mb]/[691.2mb]}
[2017-06-08 16:00:08,057][WARN ][monitor.jvm              ] [node_petutor_01] [gc][young][363864][1830] duration [7.2s], collections [1]/[8.2s], total [7.2s]/[4.8m], memory [579.9mb]->[596.3mb]/[990.7mb], all_pools {[young] [39.4mb]->[579.2kb]/[266.2mb]}{[survivor] [8.5mb]->[8.5mb]/[33.2mb]}{[old] [532mb]->[587.3mb]/[691.2mb]}
[2017-06-08 16:00:44,807][WARN ][monitor.jvm              ] [node_petutor_01] [gc][young][363896][1831] duration [1.9s], collections [1]/[2.2s], total [1.9s]/[4.8m], memory [401.8mb]->[355.9mb]/[990.7mb], all_pools {[young] [66.9mb]->[5.8mb]/[266.2mb]}{[survivor] [8.5mb]->[8.5mb]/[33.2mb]}{[old] [326.3mb]->[341.6mb]/[691.2mb]}
[2017-06-08 16:00:48,591][WARN ][monitor.jvm              ] [node_petutor_01] [gc][young][363897][1832] duration [3.1s], collections [1]/[3.7s], total [3.1s]/[4.9m], memory [355.9mb]->[452mb]/[990.7mb], all_pools {[young] [5.8mb]->[51.8mb]/[266.2mb]}{[survivor] [8.5mb]->[8.5mb]/[33.2mb]}{[old] [341.6mb]->[391.7mb]/[691.2mb]}
[2017-06-08 16:00:51,744][WARN ][monitor.jvm              ] [node_petutor_01] [gc][young][363898][1833] duration [3s], collections [1]/[3.1s], total [3s]/[4.9m], memory [452mb]->[460.9mb]/[990.7mb], all_pools {[young] [51.8mb]->[644.6kb]/[266.2mb]}{[survivor] [8.5mb]->[8.5mb]/[33.2mb]}{[old] [391.7mb]->[451.8mb]/[691.2mb]}
[2017-06-08 16:00:56,870][WARN ][monitor.jvm              ] [node_petutor_01] [gc][young][363899][1834] duration [3.9s], collections [1]/[5.1s], total [3.9s]/[5m], memory [460.9mb]->[523.2mb]/[990.7mb], all_pools {[young] [644.6kb]->[7.7mb]/[266.2mb]}{[survivor] [8.5mb]->[8.5mb]/[33.2mb]}{[old] [451.8mb]->[506.9mb]/[691.2mb]}
[2017-06-08 16:00:58,550][WARN ][monitor.jvm              ] [node_petutor_01] [gc][young][363900][1835] duration [1.3s], collections [1]/[1.6s], total [1.3s]/[5m], memory [523.2mb]->[589.9mb]/[990.7mb], all_pools {[young] [7.7mb]->[29mb]/[266.2mb]}{[survivor] [8.5mb]->[8.5mb]/[33.2mb]}{[old] [506.9mb]->[552.4mb]/[691.2mb]}
[2017-06-08 16:06:41,247][WARN ][monitor.jvm              ] [node_petutor_01] [gc][young][364240][1838] duration [1s], collections [1]/[1.8s], total [1s]/[5.1m], memory [434.7mb]->[427.9mb]/[990.7mb], all_pools {[young] [31.9mb]->[649.9kb]/[266.2mb]}{[survivor] [8.5mb]->[8.5mb]/[33.2mb]}{[old] [394.2mb]->[418.7mb]/[691.2mb]}
[2017-06-08 16:08:33,422][WARN ][monitor.jvm              ] [node_petutor_01] [gc][young][364351][1840] duration [1s], collections [1]/[1.1s], total [1s]/[5.1m], memory [473.4mb]->[483.5mb]/[990.7mb], all_pools {[young] [38.9mb]->[29.2mb]/[266.2mb]}{[survivor] [8.5mb]->[8.5mb]/[33.2mb]}{[old] [426mb]->[445.8mb]/[691.2mb]}
[2017-06-08 16:09:38,852][WARN ][monitor.jvm              ] [node_petutor_01] [gc][young][364415][1842] duration [1.5s], collections [1]/[1.9s], total [1.5s]/[5.1m], memory [541.5mb]->[506.5mb]/[990.7mb], all_pools {[young] [62.4mb]->[567.4kb]/[266.2mb]}{[survivor] [8.5mb]->[8.5mb]/[33.2mb]}{[old] [470.5mb]->[497.4mb]/[691.2mb]}
[2017-06-08 18:07:36,098][INFO ][monitor.jvm              ] [node_petutor_01] [gc][young][370431][1870] duration [739ms], collections [1]/[1.5s], total [739ms]/[5.2m], memory [143.2mb]->[122.1mb]/[990.7mb], all_pools {[young] [41.1mb]->[550.6kb]/[266.2mb]}{[survivor] [350.7kb]->[8.5mb]/[33.2mb]}{[old] [101.7mb]->[113.1mb]/[691.2mb]}
[2017-06-08 20:11:40,695][INFO ][monitor.jvm              ] [node_petutor_01] [gc][young][377818][1885] duration [740ms], collections [1]/[1s], total [740ms]/[5.2m], memory [166.9mb]->[194.8mb]/[990.7mb], all_pools {[young] [17.5mb]->[29.2mb]/[266.2mb]}{[survivor] [6.8mb]->[8.5mb]/[33.2mb]}{[old] [142.6mb]->[157mb]/[691.2mb]}
[2017-06-08 20:13:05,989][INFO ][monitor.jvm              ] [node_petutor_01] [gc][young][377902][1887] duration [830ms], collections [1]/[1s], total [830ms]/[5.2m], memory [259.2mb]->[218.6mb]/[990.7mb], all_pools {[young] [68mb]->[1.6mb]/[266.2mb]}{[survivor] [8.5mb]->[8.5mb]/[33.2mb]}{[old] [182.7mb]->[208.5mb]/[691.2mb]}
[2017-06-08 20:14:20,442][INFO ][monitor.jvm              ] [node_petutor_01] [gc][young][377976][1888] duration [742ms], collections [1]/[1s], total [742ms]/[5.2m], memory [234.7mb]->[298.2mb]/[990.7mb], all_pools {[young] [17.6mb]->[35.8mb]/[266.2mb]}{[survivor] [8.5mb]->[8.5mb]/[33.2mb]}{[old] [208.5mb]->[253.8mb]/[691.2mb]}
