[2017-04-27 09:59:14,029][WARN ][monitor.jvm              ] [node_petutor_01] [gc][young][264953][1320] duration [7.1s], collections [1]/[7.4s], total [7.1s]/[1.8m], memory [200mb]->[198.8mb]/[990.7mb], all_pools {[young] [49.6mb]->[1.2mb]/[266.2mb]}{[survivor] [1.4mb]->[8.5mb]/[33.2mb]}{[old] [148.9mb]->[189mb]/[691.2mb]}
[2017-04-27 10:00:53,983][WARN ][monitor.jvm              ] [node_petutor_01] [gc][young][265049][1321] duration [4s], collections [1]/[4.1s], total [4s]/[1.9m], memory [247.6mb]->[220.8mb]/[990.7mb], all_pools {[young] [50mb]->[2.3mb]/[266.2mb]}{[survivor] [8.5mb]->[8.5mb]/[33.2mb]}{[old] [189mb]->[209.9mb]/[691.2mb]}
[2017-04-27 10:01:22,207][WARN ][monitor.jvm              ] [node_petutor_01] [gc][young][265074][1323] duration [3.5s], collections [1]/[4s], total [3.5s]/[1.9m], memory [227.5mb]->[266.8mb]/[990.7mb], all_pools {[young] [12.3mb]->[29.7mb]/[266.2mb]}{[survivor] [3.1mb]->[8.5mb]/[33.2mb]}{[old] [212mb]->[228.6mb]/[691.2mb]}
[2017-04-27 10:08:10,408][WARN ][monitor.jvm              ] [node_petutor_01] [gc][young][265480][1324] duration [1.1s], collections [1]/[1.7s], total [1.1s]/[1.9m], memory [286.6mb]->[250mb]/[990.7mb], all_pools {[young] [49.5mb]->[837.4kb]/[266.2mb]}{[survivor] [8.5mb]->[8.5mb]/[33.2mb]}{[old] [228.6mb]->[240.7mb]/[691.2mb]}
[2017-04-27 10:08:12,648][WARN ][monitor.jvm              ] [node_petutor_01] [gc][young][265481][1325] duration [1.2s], collections [1]/[2.2s], total [1.2s]/[2m], memory [250mb]->[294.1mb]/[990.7mb], all_pools {[young] [837.4kb]->[30mb]/[266.2mb]}{[survivor] [8.5mb]->[8.5mb]/[33.2mb]}{[old] [240.7mb]->[255.6mb]/[691.2mb]}
[2017-04-27 10:46:25,192][INFO ][monitor.jvm              ] [node_petutor_01] [gc][young][267758][1337] duration [771ms], collections [1]/[1s], total [771ms]/[2m], memory [309mb]->[271.7mb]/[990.7mb], all_pools {[young] [67.9mb]->[607.6kb]/[266.2mb]}{[survivor] [8.5mb]->[8.5mb]/[33.2mb]}{[old] [232.6mb]->[262.6mb]/[691.2mb]}
[2017-04-27 11:16:43,418][INFO ][monitor.jvm              ] [node_petutor_01] [gc][young][269558][1340] duration [1.7s], collections [2]/[1.8s], total [1.7s]/[2m], memory [132.6mb]->[113.4mb]/[990.7mb], all_pools {[young] [29.1mb]->[946.7kb]/[266.2mb]}{[survivor] [7.9mb]->[8.5mb]/[33.2mb]}{[old] [95.5mb]->[104.1mb]/[691.2mb]}
[2017-04-27 11:16:46,555][WARN ][monitor.jvm              ] [node_petutor_01] [gc][young][269559][1341] duration [3s], collections [1]/[3.1s], total [3s]/[2.1m], memory [113.4mb]->[126.1mb]/[990.7mb], all_pools {[young] [946.7kb]->[1.1mb]/[266.2mb]}{[survivor] [8.5mb]->[4.8mb]/[33.2mb]}{[old] [104.1mb]->[120.1mb]/[691.2mb]}
[2017-04-27 11:16:51,079][WARN ][monitor.jvm              ] [node_petutor_01] [gc][young][269560][1343] duration [4s], collections [2]/[4.5s], total [4s]/[2.2m], memory [126.1mb]->[153.7mb]/[990.7mb], all_pools {[young] [1.1mb]->[27.8kb]/[266.2mb]}{[survivor] [4.8mb]->[8.5mb]/[33.2mb]}{[old] [120.1mb]->[145.2mb]/[691.2mb]}
[2017-04-27 15:34:40,564][WARN ][monitor.jvm              ] [node_petutor_01] [gc][young][279988][1417] duration [1.3s], collections [1]/[1.9s], total [1.3s]/[2.3m], memory [219.3mb]->[154.8mb]/[990.7mb], all_pools {[young] [66.9mb]->[452.8kb]/[266.2mb]}{[survivor] [8.5mb]->[6.9mb]/[33.2mb]}{[old] [143.8mb]->[147.5mb]/[691.2mb]}
[2017-04-27 15:34:50,985][WARN ][monitor.jvm              ] [node_petutor_01] [gc][young][279995][1418] duration [3.2s], collections [1]/[4.1s], total [3.2s]/[2.3m], memory [192.9mb]->[201mb]/[990.7mb], all_pools {[young] [38.5mb]->[30mb]/[266.2mb]}{[survivor] [6.9mb]->[8.4mb]/[33.2mb]}{[old] [147.5mb]->[162.5mb]/[691.2mb]}
[2017-04-27 15:55:36,081][WARN ][monitor.jvm              ] [node_petutor_01] [gc][young][280650][1421] duration [1.8s], collections [1]/[1.8s], total [1.8s]/[2.4m], memory [263.2mb]->[224.5mb]/[990.7mb], all_pools {[young] [67.6mb]->[1001.5kb]/[266.2mb]}{[survivor] [8.5mb]->[8.5mb]/[33.2mb]}{[old] [187mb]->[215mb]/[691.2mb]}
[2017-04-27 15:57:38,843][WARN ][monitor.jvm              ] [node_petutor_01] [gc][young][280766][1424] duration [6.5s], collections [3]/[6.9s], total [6.5s]/[2.5m], memory [282.8mb]->[236.6mb]/[990.7mb], all_pools {[young] [59.2mb]->[2.7mb]/[266.2mb]}{[survivor] [8.5mb]->[8.5mb]/[33.2mb]}{[old] [215mb]->[225.4mb]/[691.2mb]}
[2017-04-27 15:57:49,498][WARN ][monitor.jvm              ] [node_petutor_01] [gc][young][280767][1425] duration [10.4s], collections [1]/[10.6s], total [10.4s]/[2.6m], memory [236.6mb]->[252.3mb]/[990.7mb], all_pools {[young] [2.7mb]->[1.2mb]/[266.2mb]}{[survivor] [8.5mb]->[8.5mb]/[33.2mb]}{[old] [225.4mb]->[242.5mb]/[691.2mb]}
[2017-04-27 15:57:50,542][INFO ][monitor.jvm              ] [node_petutor_01] [gc][young][280768][1426] duration [885ms], collections [1]/[1s], total [885ms]/[2.7m], memory [252.3mb]->[312mb]/[990.7mb], all_pools {[young] [1.2mb]->[36.4mb]/[266.2mb]}{[survivor] [8.5mb]->[5mb]/[33.2mb]}{[old] [242.5mb]->[270.5mb]/[691.2mb]}
[2017-04-27 16:31:55,513][INFO ][monitor.jvm              ] [node_petutor_01] [gc][young][282793][1441] duration [877ms], collections [1]/[1.6s], total [877ms]/[2.7m], memory [263.5mb]->[242.3mb]/[990.7mb], all_pools {[young] [41.8mb]->[550.5kb]/[266.2mb]}{[survivor] [8.5mb]->[8.5mb]/[33.2mb]}{[old] [213.2mb]->[233.3mb]/[691.2mb]}
[2017-04-27 16:35:17,856][WARN ][monitor.jvm              ] [node_petutor_01] [gc][young][282994][1442] duration [1.6s], collections [1]/[1.6s], total [1.6s]/[2.7m], memory [310.1mb]->[268.5mb]/[990.7mb], all_pools {[young] [68.3mb]->[40kb]/[266.2mb]}{[survivor] [8.5mb]->[8.5mb]/[33.2mb]}{[old] [233.3mb]->[260mb]/[691.2mb]}
[2017-04-27 16:36:25,036][WARN ][monitor.jvm              ] [node_petutor_01] [gc][young][283060][1443] duration [1.2s], collections [1]/[2s], total [1.2s]/[2.8m], memory [284.5mb]->[320.4mb]/[990.7mb], all_pools {[young] [16mb]->[834.6kb]/[266.2mb]}{[survivor] [8.5mb]->[8.5mb]/[33.2mb]}{[old] [260mb]->[311.2mb]/[691.2mb]}
