[2017-03-07 16:12:34,372][INFO ][cluster.metadata         ] [node_petutor_01] [data] create_mapping [paper]
[2017-03-07 16:13:27,655][WARN ][monitor.jvm              ] [node_petutor_01] [gc][young][198609][283] duration [2.5s], collections [1]/[2.5s], total [2.5s]/[1.4m], memory [448.9mb]->[236.6mb]/[990.7mb], all_pools {[young] [236.6mb]->[1.8mb]/[266.2mb]}{[survivor] [4.9mb]->[27.3mb]/[33.2mb]}{[old] [207.3mb]->[207.3mb]/[691.2mb]}
[2017-03-07 16:13:32,442][WARN ][monitor.jvm              ] [node_petutor_01] [gc][young][198610][284] duration [4.6s], collections [1]/[4.8s], total [4.6s]/[1.5m], memory [236.6mb]->[278mb]/[990.7mb], all_pools {[young] [1.8mb]->[32.6mb]/[266.2mb]}{[survivor] [27.3mb]->[33.2mb]/[33.2mb]}{[old] [207.3mb]->[212.1mb]/[691.2mb]}
[2017-03-07 16:13:45,274][WARN ][monitor.jvm              ] [node_petutor_01] [gc][young][198611][285] duration [12.7s], collections [1]/[12.8s], total [12.7s]/[1.7m], memory [278mb]->[313.3mb]/[990.7mb], all_pools {[young] [32.6mb]->[48.4mb]/[266.2mb]}{[survivor] [33.2mb]->[12.5mb]/[33.2mb]}{[old] [212.1mb]->[252.4mb]/[691.2mb]}
[2017-03-07 16:13:46,765][INFO ][cluster.metadata         ] [node_petutor_01] [data] update_mapping [paper]
[2017-03-07 16:13:52,240][WARN ][monitor.jvm              ] [node_petutor_01] [gc][young][198614][286] duration [4.3s], collections [1]/[4.9s], total [4.3s]/[1.7m], memory [475.8mb]->[327mb]/[990.7mb], all_pools {[young] [210.8mb]->[155.5kb]/[266.2mb]}{[survivor] [12.5mb]->[18.4mb]/[33.2mb]}{[old] [252.4mb]->[308.3mb]/[691.2mb]}
[2017-03-07 16:13:55,579][WARN ][monitor.jvm              ] [node_petutor_01] [gc][young][198617][287] duration [1.1s], collections [1]/[1.2s], total [1.1s]/[1.8m], memory [548.1mb]->[346.2mb]/[990.7mb], all_pools {[young] [221.3mb]->[3.1mb]/[266.2mb]}{[survivor] [18.4mb]->[33.2mb]/[33.2mb]}{[old] [308.3mb]->[309.7mb]/[691.2mb]}
[2017-03-07 16:14:01,312][WARN ][monitor.jvm              ] [node_petutor_01] [gc][young][198619][288] duration [4.2s], collections [1]/[4.6s], total [4.2s]/[1.8m], memory [534mb]->[359.1mb]/[990.7mb], all_pools {[young] [191mb]->[896.5kb]/[266.2mb]}{[survivor] [33.2mb]->[33.2mb]/[33.2mb]}{[old] [309.7mb]->[325mb]/[691.2mb]}
[2017-03-07 16:14:10,875][WARN ][monitor.jvm              ] [node_petutor_01] [gc][young][198624][289] duration [4.9s], collections [1]/[5.4s], total [4.9s]/[1.9m], memory [616.1mb]->[370.2mb]/[990.7mb], all_pools {[young] [257.8mb]->[1.4mb]/[266.2mb]}{[survivor] [33.2mb]->[26.9mb]/[33.2mb]}{[old] [325mb]->[341.8mb]/[691.2mb]}
[2017-03-07 16:14:20,483][INFO ][monitor.jvm              ] [node_petutor_01] [gc][young][198633][290] duration [859ms], collections [1]/[1s], total [859ms]/[1.9m], memory [624.6mb]->[366.6mb]/[990.7mb], all_pools {[young] [255.8mb]->[2.8mb]/[266.2mb]}{[survivor] [26.9mb]->[21.9mb]/[33.2mb]}{[old] [341.8mb]->[341.8mb]/[691.2mb]}
[2017-03-07 16:14:27,177][WARN ][monitor.jvm              ] [node_petutor_01] [gc][young][198638][291] duration [2.2s], collections [1]/[2.6s], total [2.2s]/[2m], memory [535.4mb]->[370.4mb]/[990.7mb], all_pools {[young] [171.6mb]->[1.7mb]/[266.2mb]}{[survivor] [21.9mb]->[15.8mb]/[33.2mb]}{[old] [341.8mb]->[352.8mb]/[691.2mb]}
[2017-03-07 17:24:19,396][INFO ][cluster.metadata         ] [node_petutor_01] [documents] create_mapping [paper]
[2017-03-07 17:24:45,676][WARN ][monitor.jvm              ] [node_petutor_01] [gc][young][202184][295] duration [7.7s], collections [1]/[8.6s], total [7.7s]/[2.1m], memory [432.2mb]->[396.7mb]/[990.7mb], all_pools {[young] [74mb]->[2mb]/[266.2mb]}{[survivor] [5.3mb]->[25.9mb]/[33.2mb]}{[old] [352.8mb]->[368.8mb]/[691.2mb]}
[2017-03-07 17:24:48,973][WARN ][monitor.jvm              ] [node_petutor_01] [gc][young][202185][296] duration [3s], collections [1]/[3.2s], total [3s]/[2.2m], memory [396.7mb]->[458.2mb]/[990.7mb], all_pools {[young] [2mb]->[40.1mb]/[266.2mb]}{[survivor] [25.9mb]->[13.3mb]/[33.2mb]}{[old] [368.8mb]->[404.7mb]/[691.2mb]}
[2017-03-07 17:24:52,006][WARN ][monitor.jvm              ] [node_petutor_01] [gc][young][202186][297] duration [2.8s], collections [1]/[3s], total [2.8s]/[2.2m], memory [458.2mb]->[520.9mb]/[990.7mb], all_pools {[young] [40.1mb]->[56mb]/[266.2mb]}{[survivor] [13.3mb]->[12.1mb]/[33.2mb]}{[old] [404.7mb]->[452.7mb]/[691.2mb]}
[2017-03-07 17:24:53,540][INFO ][cluster.metadata         ] [node_petutor_01] [documents] update_mapping [paper]
[2017-03-07 17:25:17,703][WARN ][monitor.jvm              ] [node_petutor_01] [gc][young][202190][298] duration [22.1s], collections [1]/[22.6s], total [22.1s]/[2.6m], memory [619.4mb]->[538.3mb]/[990.7mb], all_pools {[young] [154.5mb]->[58.2kb]/[266.2mb]}{[survivor] [12.1mb]->[29.6mb]/[33.2mb]}{[old] [452.7mb]->[508.6mb]/[691.2mb]}
[2017-03-07 17:25:21,974][WARN ][monitor.jvm              ] [node_petutor_01] [gc][young][202193][299] duration [1.2s], collections [1]/[2s], total [1.2s]/[2.6m], memory [769.5mb]->[549.1mb]/[990.7mb], all_pools {[young] [231.3mb]->[2.8mb]/[266.2mb]}{[survivor] [29.6mb]->[33.2mb]/[33.2mb]}{[old] [508.6mb]->[513mb]/[691.2mb]}
[2017-03-07 17:25:28,885][WARN ][monitor.jvm              ] [node_petutor_01] [gc][young][202197][300] duration [2s], collections [1]/[3.1s], total [2s]/[2.6m], memory [806mb]->[568.8mb]/[990.7mb], all_pools {[young] [259.7mb]->[5.7mb]/[266.2mb]}{[survivor] [33.2mb]->[33.2mb]/[33.2mb]}{[old] [513mb]->[529.8mb]/[691.2mb]}
[2017-03-07 17:25:36,789][WARN ][monitor.jvm              ] [node_petutor_01] [gc][young][202203][301] duration [1.8s], collections [1]/[2.6s], total [1.8s]/[2.7m], memory [829.3mb]->[572.6mb]/[990.7mb], all_pools {[young] [266.2mb]->[1.7mb]/[266.2mb]}{[survivor] [33.2mb]->[27.2mb]/[33.2mb]}{[old] [529.8mb]->[543.6mb]/[691.2mb]}
[2017-03-07 17:25:53,700][INFO ][monitor.jvm              ] [node_petutor_01] [gc][young][202219][307] duration [718ms], collections [1]/[1.2s], total [718ms]/[2.7m], memory [825.6mb]->[562.3mb]/[990.7mb], all_pools {[young] [266.2mb]->[3.3mb]/[266.2mb]}{[survivor] [15.7mb]->[6.8mb]/[33.2mb]}{[old] [543.6mb]->[552.1mb]/[691.2mb]}
