[2017-05-23 09:58:05,166][WARN ][monitor.jvm              ] [node_petutor_01] [gc][young][298681][1379] duration [3.4s], collections [1]/[3.5s], total [3.4s]/[2.2m], memory [417.9mb]->[368mb]/[990.7mb], all_pools {[young] [62.7mb]->[945.4kb]/[266.2mb]}{[survivor] [415.1kb]->[8.5mb]/[33.2mb]}{[old] [354.8mb]->[358.6mb]/[691.2mb]}
[2017-05-23 09:58:19,839][WARN ][monitor.jvm              ] [node_petutor_01] [gc][young][298685][1380] duration [10.8s], collections [1]/[11s], total [10.8s]/[2.4m], memory [389mb]->[412mb]/[990.7mb], all_pools {[young] [21.9mb]->[30mb]/[266.2mb]}{[survivor] [8.5mb]->[8.5mb]/[33.2mb]}{[old] [358.6mb]->[373.5mb]/[691.2mb]}
[2017-05-23 09:59:58,238][WARN ][monitor.jvm              ] [node_petutor_01] [gc][young][298774][1381] duration [9.4s], collections [1]/[10.2s], total [9.4s]/[2.6m], memory [422.5mb]->[400mb]/[990.7mb], all_pools {[young] [40.5mb]->[423.9kb]/[266.2mb]}{[survivor] [8.5mb]->[8.5mb]/[33.2mb]}{[old] [373.5mb]->[391.1mb]/[691.2mb]}
[2017-05-23 10:34:11,660][WARN ][monitor.jvm              ] [node_petutor_01] [gc][young][300813][1386] duration [4.3s], collections [1]/[4.5s], total [4.3s]/[2.7m], memory [407mb]->[447.1mb]/[990.7mb], all_pools {[young] [15.3mb]->[30.2mb]/[266.2mb]}{[survivor] [527.3kb]->[8.5mb]/[33.2mb]}{[old] [391.2mb]->[408.4mb]/[691.2mb]}
[2017-05-23 10:35:04,547][WARN ][monitor.jvm              ] [node_petutor_01] [gc][young][300863][1387] duration [3.7s], collections [1]/[3.8s], total [3.7s]/[2.7m], memory [454.8mb]->[444.1mb]/[990.7mb], all_pools {[young] [37.9mb]->[650.5kb]/[266.2mb]}{[survivor] [8.5mb]->[8.5mb]/[33.2mb]}{[old] [408.4mb]->[434.9mb]/[691.2mb]}
[2017-05-23 10:36:24,890][WARN ][monitor.jvm              ] [node_petutor_01] [gc][young][300940][1388] duration [3.7s], collections [1]/[4.2s], total [3.7s]/[2.8m], memory [508.6mb]->[467.9mb]/[990.7mb], all_pools {[young] [65.2mb]->[745.9kb]/[266.2mb]}{[survivor] [8.5mb]->[8.5mb]/[33.2mb]}{[old] [434.9mb]->[458.7mb]/[691.2mb]}
[2017-05-23 10:36:28,423][WARN ][monitor.jvm              ] [node_petutor_01] [gc][young][300941][1389] duration [3.3s], collections [1]/[3.5s], total [3.3s]/[2.8m], memory [467.9mb]->[520.3mb]/[990.7mb], all_pools {[young] [745.9kb]->[30.2mb]/[266.2mb]}{[survivor] [8.5mb]->[8.5mb]/[33.2mb]}{[old] [458.7mb]->[481.5mb]/[691.2mb]}
[2017-05-23 10:37:45,432][WARN ][monitor.jvm              ] [node_petutor_01] [gc][young][301016][1390] duration [2.7s], collections [1]/[2.9s], total [2.7s]/[2.9m], memory [529.7mb]->[513.8mb]/[990.7mb], all_pools {[young] [39.7mb]->[739.3kb]/[266.2mb]}{[survivor] [8.5mb]->[8.5mb]/[33.2mb]}{[old] [481.5mb]->[504.6mb]/[691.2mb]}
[2017-05-23 10:39:02,998][WARN ][monitor.jvm              ] [node_petutor_01] [gc][young][301090][1391] duration [3.9s], collections [1]/[4.4s], total [3.9s]/[3m], memory [581.4mb]->[543.3mb]/[990.7mb], all_pools {[young] [68.2mb]->[582.7kb]/[266.2mb]}{[survivor] [8.5mb]->[8.5mb]/[33.2mb]}{[old] [504.6mb]->[534.2mb]/[691.2mb]}
[2017-05-23 11:04:59,746][WARN ][monitor.jvm              ] [node_petutor_01] [gc][young][302641][1394] duration [1.4s], collections [1]/[2.3s], total [1.4s]/[3m], memory [131mb]->[140.3mb]/[990.7mb], all_pools {[young] [26.3mb]->[1.7mb]/[266.2mb]}{[survivor] [2.1mb]->[8.5mb]/[33.2mb]}{[old] [102.5mb]->[130.1mb]/[691.2mb]}
[2017-05-23 11:20:50,587][WARN ][monitor.jvm              ] [node_petutor_01] [gc][young][303590][1398] duration [1.3s], collections [1]/[1.8s], total [1.3s]/[3m], memory [219.6mb]->[214.9mb]/[990.7mb], all_pools {[young] [33.5mb]->[569.5kb]/[266.2mb]}{[survivor] [8.5mb]->[8.5mb]/[33.2mb]}{[old] [177.5mb]->[205.9mb]/[691.2mb]}
[2017-05-23 11:23:19,086][WARN ][monitor.jvm              ] [node_petutor_01] [gc][young][303737][1400] duration [1.6s], collections [1]/[2.2s], total [1.6s]/[3.1m], memory [243.8mb]->[292.9mb]/[990.7mb], all_pools {[young] [4.9mb]->[30.2mb]/[266.2mb]}{[survivor] [8.5mb]->[8.5mb]/[33.2mb]}{[old] [230.3mb]->[254.2mb]/[691.2mb]}
[2017-05-23 11:36:58,367][WARN ][monitor.jvm              ] [node_petutor_01] [gc][young][304555][1403] duration [1s], collections [1]/[1.1s], total [1s]/[3.1m], memory [288.6mb]->[340.1mb]/[990.7mb], all_pools {[young] [9.7mb]->[30.2mb]/[266.2mb]}{[survivor] [8.5mb]->[8.5mb]/[33.2mb]}{[old] [270.4mb]->[301.3mb]/[691.2mb]}
[2017-05-23 11:37:58,440][INFO ][monitor.jvm              ] [node_petutor_01] [gc][young][304615][1404] duration [736ms], collections [1]/[1s], total [736ms]/[3.1m], memory [353.6mb]->[337.9mb]/[990.7mb], all_pools {[young] [43.8mb]->[5.4mb]/[266.2mb]}{[survivor] [8.5mb]->[8.5mb]/[33.2mb]}{[old] [301.3mb]->[323.9mb]/[691.2mb]}
[2017-05-23 12:11:29,103][WARN ][monitor.jvm              ] [node_petutor_01] [gc][young][306622][1414] duration [2.2s], collections [1]/[2.6s], total [2.2s]/[3.2m], memory [531.6mb]->[503.5mb]/[990.7mb], all_pools {[young] [49.3mb]->[688.5kb]/[266.2mb]}{[survivor] [8.5mb]->[8.5mb]/[33.2mb]}{[old] [473.7mb]->[494.4mb]/[691.2mb]}
[2017-05-23 12:11:31,907][WARN ][monitor.jvm              ] [node_petutor_01] [gc][young][306623][1415] duration [2.6s], collections [1]/[2.8s], total [2.6s]/[3.2m], memory [503.5mb]->[557.9mb]/[990.7mb], all_pools {[young] [688.5kb]->[30.1mb]/[266.2mb]}{[survivor] [8.5mb]->[8.5mb]/[33.2mb]}{[old] [494.4mb]->[519.3mb]/[691.2mb]}
[2017-05-23 16:35:04,368][WARN ][monitor.jvm              ] [node_petutor_01] [gc][young][320027][1451] duration [2.8s], collections [1]/[2.9s], total [2.8s]/[3.3m], memory [367.3mb]->[410.7mb]/[990.7mb], all_pools {[young] [8.7mb]->[315.6kb]/[266.2mb]}{[survivor] [8.5mb]->[8.5mb]/[33.2mb]}{[old] [350mb]->[401.9mb]/[691.2mb]}
