[2017-05-20 10:59:03,844][INFO ][monitor.jvm              ] [node_petutor_01] [gc][young][217164][1017] duration [878ms], collections [1]/[1.2s], total [878ms]/[1.6m], memory [406.5mb]->[431.6mb]/[990.7mb], all_pools {[young] [20.9mb]->[30.2mb]/[266.2mb]}{[survivor] [8.4mb]->[8.4mb]/[33.2mb]}{[old] [377.1mb]->[392.9mb]/[691.2mb]}
[2017-05-20 11:04:57,468][INFO ][monitor.jvm              ] [node_petutor_01] [gc][young][217516][1020] duration [811ms], collections [1]/[1.5s], total [811ms]/[1.6m], memory [453.8mb]->[444.9mb]/[990.7mb], all_pools {[young] [37mb]->[1.6mb]/[266.2mb]}{[survivor] [8.5mb]->[8.5mb]/[33.2mb]}{[old] [408.3mb]->[434.8mb]/[691.2mb]}
[2017-05-20 11:06:18,709][WARN ][monitor.jvm              ] [node_petutor_01] [gc][young][217596][1022] duration [1.6s], collections [1]/[1.8s], total [1.6s]/[1.6m], memory [450.9mb]->[500.7mb]/[990.7mb], all_pools {[young] [912.9kb]->[30.2mb]/[266.2mb]}{[survivor] [8.5mb]->[8.5mb]/[33.2mb]}{[old] [441.5mb]->[461.9mb]/[691.2mb]}
[2017-05-20 11:06:45,891][WARN ][monitor.jvm              ] [node_petutor_01] [gc][young][217620][1023] duration [3.7s], collections [1]/[4.1s], total [3.7s]/[1.7m], memory [502.8mb]->[503.1mb]/[990.7mb], all_pools {[young] [32.4mb]->[3.5mb]/[266.2mb]}{[survivor] [8.5mb]->[8.5mb]/[33.2mb]}{[old] [461.9mb]->[491mb]/[691.2mb]}
[2017-05-20 11:07:01,963][INFO ][monitor.jvm              ] [node_petutor_01] [gc][young][217636][1025] duration [985ms], collections [1]/[1s], total [985ms]/[1.7m], memory [528.6mb]->[565.6mb]/[990.7mb], all_pools {[young] [24.6mb]->[30.2mb]/[266.2mb]}{[survivor] [8.5mb]->[8.5mb]/[33.2mb]}{[old] [495.5mb]->[526.9mb]/[691.2mb]}
[2017-05-20 11:10:21,418][INFO ][monitor.jvm              ] [node_petutor_01] [gc][young][217834][1029] duration [721ms], collections [1]/[1s], total [721ms]/[1.7m], memory [168.1mb]->[164.4mb]/[990.7mb], all_pools {[young] [33.6mb]->[705.4kb]/[266.2mb]}{[survivor] [8.5mb]->[8.5mb]/[33.2mb]}{[old] [125.9mb]->[155.2mb]/[691.2mb]}
[2017-05-20 11:11:57,632][INFO ][monitor.jvm              ] [node_petutor_01] [gc][young][217930][1035] duration [713ms], collections [1]/[1s], total [713ms]/[1.8m], memory [288.5mb]->[310.8mb]/[990.7mb], all_pools {[young] [63.6mb]->[57.4mb]/[266.2mb]}{[survivor] [8.5mb]->[8.5mb]/[33.2mb]}{[old] [216.4mb]->[244.9mb]/[691.2mb]}
[2017-05-20 22:46:44,782][WARN ][monitor.jvm              ] [node_petutor_01] [gc][young][245964][1197] duration [2.2s], collections [1]/[2.2s], total [2.2s]/[2m], memory [326.4mb]->[281.4mb]/[990.7mb], all_pools {[young] [65.3mb]->[666.4kb]/[266.2mb]}{[survivor] [8.5mb]->[8.5mb]/[33.2mb]}{[old] [252.5mb]->[272.2mb]/[691.2mb]}
[2017-05-20 22:47:11,142][INFO ][monitor.jvm              ] [node_petutor_01] [gc][young][245990][1199] duration [887ms], collections [1]/[1s], total [887ms]/[2m], memory [309.5mb]->[361.7mb]/[990.7mb], all_pools {[young] [608kb]->[30.3mb]/[266.2mb]}{[survivor] [8.5mb]->[8.5mb]/[33.2mb]}{[old] [300.4mb]->[322.8mb]/[691.2mb]}
[2017-05-20 22:59:35,573][INFO ][monitor.jvm              ] [node_petutor_01] [gc][young][246733][1211] duration [910ms], collections [1]/[1.3s], total [910ms]/[2m], memory [584.5mb]->[554.7mb]/[990.7mb], all_pools {[young] [60.4mb]->[676kb]/[266.2mb]}{[survivor] [8.5mb]->[8.5mb]/[33.2mb]}{[old] [515.6mb]->[545.5mb]/[691.2mb]}
[2017-05-20 22:59:38,978][WARN ][monitor.jvm              ] [node_petutor_01] [gc][young][246734][1212] duration [2.7s], collections [1]/[3.4s], total [2.7s]/[2.1m], memory [554.7mb]->[604.8mb]/[990.7mb], all_pools {[young] [676kb]->[30.2mb]/[266.2mb]}{[survivor] [8.5mb]->[8.5mb]/[33.2mb]}{[old] [545.5mb]->[566mb]/[691.2mb]}
