[2017-06-19 09:36:47,129][WARN ][monitor.jvm              ] [node_petutor_01] [gc][young][110697][167] duration [7.5s], collections [1]/[7.8s], total [7.5s]/[1m], memory [652.7mb]->[442.1mb]/[990.7mb], all_pools {[young] [254.5mb]->[2.5mb]/[266.2mb]}{[survivor] [895.5kb]->[33.2mb]/[33.2mb]}{[old] [397.3mb]->[406.3mb]/[691.2mb]}
[2017-06-19 09:39:31,583][WARN ][monitor.jvm              ] [node_petutor_01] [gc][young][110854][168] duration [6.7s], collections [1]/[7.3s], total [6.7s]/[1.1m], memory [684.7mb]->[447mb]/[990.7mb], all_pools {[young] [245.1mb]->[3.4mb]/[266.2mb]}{[survivor] [33.2mb]->[25.5mb]/[33.2mb]}{[old] [406.3mb]->[418.1mb]/[691.2mb]}
[2017-06-19 10:30:15,286][WARN ][monitor.jvm              ] [node_petutor_01] [gc][young][113874][170] duration [4.1s], collections [1]/[4.2s], total [4.1s]/[1.2m], memory [700.2mb]->[495.3mb]/[990.7mb], all_pools {[young] [237.7mb]->[1.4mb]/[266.2mb]}{[survivor] [33.2mb]->[33.2mb]/[33.2mb]}{[old] [429.2mb]->[460.6mb]/[691.2mb]}
[2017-06-19 10:32:07,863][WARN ][monitor.jvm              ] [node_petutor_01] [gc][young][113982][171] duration [4.1s], collections [1]/[5.1s], total [4.1s]/[1.2m], memory [698.5mb]->[557.7mb]/[990.7mb], all_pools {[young] [204.6mb]->[32.9mb]/[266.2mb]}{[survivor] [33.2mb]->[33.2mb]/[33.2mb]}{[old] [460.6mb]->[491.5mb]/[691.2mb]}
[2017-06-19 10:35:26,792][WARN ][monitor.jvm              ] [node_petutor_01] [gc][young][114178][172] duration [2.6s], collections [1]/[2.8s], total [2.6s]/[1.3m], memory [778.8mb]->[557.2mb]/[990.7mb], all_pools {[young] [254mb]->[1.5mb]/[266.2mb]}{[survivor] [33.2mb]->[33.2mb]/[33.2mb]}{[old] [491.5mb]->[522.4mb]/[691.2mb]}
[2017-06-19 10:38:10,801][WARN ][monitor.jvm              ] [node_petutor_01] [gc][young][114313][174] duration [8.8s], collections [1]/[9.8s], total [8.8s]/[1.4m], memory [173.6mb]->[204.1mb]/[990.7mb], all_pools {[young] [60.8mb]->[30.4mb]/[266.2mb]}{[survivor] [31mb]->[33.2mb]/[33.2mb]}{[old] [81.7mb]->[140.3mb]/[691.2mb]}
[2017-06-19 10:38:24,160][WARN ][monitor.jvm              ] [node_petutor_01] [gc][young][114316][175] duration [11.1s], collections [1]/[11.2s], total [11.1s]/[1.6m], memory [436.2mb]->[286.7mb]/[990.7mb], all_pools {[young] [262.6mb]->[1.2mb]/[266.2mb]}{[survivor] [33.2mb]->[33.2mb]/[33.2mb]}{[old] [140.3mb]->[252.4mb]/[691.2mb]}
[2017-06-19 10:38:39,920][WARN ][monitor.jvm              ] [node_petutor_01] [gc][young][114319][176] duration [13.2s], collections [1]/[13.5s], total [13.2s]/[1.8m], memory [540.1mb]->[396.3mb]/[990.7mb], all_pools {[young] [254.4mb]->[654.5kb]/[266.2mb]}{[survivor] [33.2mb]->[33.2mb]/[33.2mb]}{[old] [252.4mb]->[362.4mb]/[691.2mb]}
[2017-06-19 10:38:53,756][WARN ][monitor.jvm              ] [node_petutor_01] [gc][young][114321][177] duration [12.3s], collections [1]/[12.6s], total [12.3s]/[2.1m], memory [586.4mb]->[431mb]/[990.7mb], all_pools {[young] [190.7mb]->[858.8kb]/[266.2mb]}{[survivor] [33.2mb]->[33.2mb]/[33.2mb]}{[old] [362.4mb]->[396.9mb]/[691.2mb]}
[2017-06-19 10:39:07,985][WARN ][monitor.jvm              ] [node_petutor_01] [gc][young][114322][178] duration [13.9s], collections [1]/[14.2s], total [13.9s]/[2.3m], memory [431mb]->[575.8mb]/[990.7mb], all_pools {[young] [858.8kb]->[29.6mb]/[266.2mb]}{[survivor] [33.2mb]->[33.2mb]/[33.2mb]}{[old] [396.9mb]->[512.9mb]/[691.2mb]}
[2017-06-19 10:39:26,972][WARN ][monitor.jvm              ] [node_petutor_01] [gc][young][114323][179] duration [3.8s], collections [1]/[18.9s], total [3.8s]/[2.4m], memory [575.8mb]->[342.6mb]/[990.7mb], all_pools {[young] [29.6mb]->[255.5kb]/[266.2mb]}{[survivor] [33.2mb]->[0b]/[33.2mb]}{[old] [512.9mb]->[342.4mb]/[691.2mb]}
[2017-06-19 10:39:27,872][WARN ][monitor.jvm              ] [node_petutor_01] [gc][old][114323][26] duration [14.4s], collections [1]/[18.9s], total [14.4s]/[36.6s], memory [575.8mb]->[342.6mb]/[990.7mb], all_pools {[young] [29.6mb]->[255.5kb]/[266.2mb]}{[survivor] [33.2mb]->[0b]/[33.2mb]}{[old] [512.9mb]->[342.4mb]/[691.2mb]}
[2017-06-19 10:42:44,472][WARN ][monitor.jvm              ] [node_petutor_01] [gc][young][114511][187] duration [1.1s], collections [1]/[1.6s], total [1.1s]/[2.4m], memory [574mb]->[581.9mb]/[990.7mb], all_pools {[young] [182.6mb]->[1.9mb]/[266.2mb]}{[survivor] [33.2mb]->[33.2mb]/[33.2mb]}{[old] [358.2mb]->[546.7mb]/[691.2mb]}
[2017-06-19 10:44:15,078][WARN ][monitor.jvm              ] [node_petutor_01] [gc][young][114555][196] duration [42.5s], collections [1]/[42.7s], total [42.5s]/[3.1m], memory [741mb]->[682.6mb]/[990.7mb], all_pools {[young] [251.7mb]->[1.7mb]/[266.2mb]}{[survivor] [33.2mb]->[33.2mb]/[33.2mb]}{[old] [455.9mb]->[647.6mb]/[691.2mb]}
[2017-06-19 10:45:18,531][WARN ][monitor.jvm              ] [node_petutor_01] [gc][young][114571][200] duration [42s], collections [1]/[42.3s], total [42s]/[3.8m], memory [674.2mb]->[601.7mb]/[990.7mb], all_pools {[young] [264.3mb]->[1.4mb]/[266.2mb]}{[survivor] [33.2mb]->[33.2mb]/[33.2mb]}{[old] [376.6mb]->[566.9mb]/[691.2mb]}
[2017-06-19 10:58:37,239][WARN ][monitor.jvm              ] [node_petutor_01] [gc][young][115328][204] duration [35.4s], collections [1]/[35.6s], total [35.4s]/[4.4m], memory [688.4mb]->[563.1mb]/[990.7mb], all_pools {[young] [263.3mb]->[1.7mb]/[266.2mb]}{[survivor] [33.2mb]->[33.2mb]/[33.2mb]}{[old] [391.8mb]->[528mb]/[691.2mb]}
[2017-06-19 10:58:58,787][WARN ][monitor.jvm              ] [node_petutor_01] [gc][young][115339][205] duration [10s], collections [1]/[10.8s], total [10s]/[4.6m], memory [504.3mb]->[437.1mb]/[990.7mb], all_pools {[young] [252.9mb]->[10.7mb]/[266.2mb]}{[survivor] [33.2mb]->[33.2mb]/[33.2mb]}{[old] [218.1mb]->[393.1mb]/[691.2mb]}
[2017-06-19 10:59:40,565][WARN ][monitor.jvm              ] [node_petutor_01] [gc][young][115341][206] duration [39.8s], collections [1]/[40.6s], total [39.8s]/[5.2m], memory [656.2mb]->[607mb]/[990.7mb], all_pools {[young] [229.7mb]->[51.9kb]/[266.2mb]}{[survivor] [33.2mb]->[33.2mb]/[33.2mb]}{[old] [393.1mb]->[573.7mb]/[691.2mb]}
[2017-06-19 10:59:49,460][WARN ][monitor.jvm              ] [node_petutor_01] [gc][young][115346][208] duration [3.9s], collections [1]/[4.7s], total [3.9s]/[5.3m], memory [676mb]->[662.1mb]/[990.7mb], all_pools {[young] [209.6mb]->[386.9kb]/[266.2mb]}{[survivor] [33.2mb]->[33.2mb]/[33.2mb]}{[old] [433.2mb]->[628.5mb]/[691.2mb]}
[2017-06-19 11:10:58,435][WARN ][monitor.jvm              ] [node_petutor_01] [gc][young][115997][217] duration [9.7s], collections [1]/[10.2s], total [9.7s]/[5.5m], memory [679.5mb]->[614.6mb]/[990.7mb], all_pools {[young] [216.2mb]->[711.6kb]/[266.2mb]}{[survivor] [33.2mb]->[33.2mb]/[33.2mb]}{[old] [430.1mb]->[580.6mb]/[691.2mb]}
[2017-06-19 11:11:17,441][WARN ][monitor.jvm              ] [node_petutor_01] [gc][young][116001][219] duration [14.2s], collections [1]/[15s], total [14.2s]/[5.7m], memory [613.8mb]->[661.4mb]/[990.7mb], all_pools {[young] [147.5mb]->[681.3kb]/[266.2mb]}{[survivor] [33.2mb]->[33.2mb]/[33.2mb]}{[old] [432.9mb]->[627.4mb]/[691.2mb]}
[2017-06-19 11:11:48,467][WARN ][monitor.jvm              ] [node_petutor_01] [gc][young][116009][223] duration [23s], collections [1]/[23.8s], total [23s]/[6.1m], memory [730.6mb]->[666.5mb]/[990.7mb], all_pools {[young] [227.1mb]->[1.5mb]/[266.2mb]}{[survivor] [33.2mb]->[33.2mb]/[33.2mb]}{[old] [470.2mb]->[631.7mb]/[691.2mb]}
[2017-06-19 15:30:46,903][WARN ][monitor.jvm              ] [node_petutor_01] [gc][young][125300][232] duration [13.3s], collections [1]/[13.6s], total [13.3s]/[6.4m], memory [383.7mb]->[180mb]/[990.7mb], all_pools {[young] [247.2mb]->[4.5mb]/[266.2mb]}{[survivor] [10.4mb]->[33.2mb]/[33.2mb]}{[old] [126mb]->[142.2mb]/[691.2mb]}
[2017-06-19 15:52:07,860][WARN ][monitor.jvm              ] [node_petutor_01] [gc][young][126569][233] duration [5s], collections [1]/[6s], total [5s]/[6.4m], memory [440.8mb]->[198.3mb]/[990.7mb], all_pools {[young] [265.3mb]->[1.8mb]/[266.2mb]}{[survivor] [33.2mb]->[21.7mb]/[33.2mb]}{[old] [142.2mb]->[174.7mb]/[691.2mb]}
