[2017-06-02 10:59:24,684][WARN ][monitor.jvm              ] [node_petutor_01] [gc][young][203048][1324] duration [2.7s], collections [2]/[3s], total [2.7s]/[2m], memory [181.7mb]->[173.4mb]/[990.7mb], all_pools {[young] [60.5mb]->[29.3mb]/[266.2mb]}{[survivor] [420.2kb]->[8.5mb]/[33.2mb]}{[old] [120.7mb]->[135.5mb]/[691.2mb]}
[2017-06-02 10:59:35,347][WARN ][monitor.jvm              ] [node_petutor_01] [gc][young][203056][1325] duration [2.6s], collections [1]/[2.8s], total [2.6s]/[2.1m], memory [179.2mb]->[175.4mb]/[990.7mb], all_pools {[young] [35.2mb]->[1.8mb]/[266.2mb]}{[survivor] [8.5mb]->[8.5mb]/[33.2mb]}{[old] [135.5mb]->[165.2mb]/[691.2mb]}
[2017-06-02 10:59:55,573][WARN ][monitor.jvm              ] [node_petutor_01] [gc][young][203075][1326] duration [1.2s], collections [1]/[2s], total [1.2s]/[2.1m], memory [228mb]->[203.3mb]/[990.7mb], all_pools {[young] [54.3mb]->[1.1mb]/[266.2mb]}{[survivor] [8.5mb]->[8.5mb]/[33.2mb]}{[old] [165.2mb]->[193.6mb]/[691.2mb]}
[2017-06-02 11:00:25,061][INFO ][monitor.jvm              ] [node_petutor_01] [gc][young][203104][1330] duration [737ms], collections [1]/[1s], total [737ms]/[2.1m], memory [299.7mb]->[350.8mb]/[990.7mb], all_pools {[young] [24.5mb]->[29.2mb]/[266.2mb]}{[survivor] [8.5mb]->[8.5mb]/[33.2mb]}{[old] [266.6mb]->[313mb]/[691.2mb]}
[2017-06-02 17:13:35,944][WARN ][monitor.jvm              ] [node_petutor_01] [gc][young][223383][1386] duration [1.3s], collections [1]/[1.7s], total [1.3s]/[2.2m], memory [430.4mb]->[443.4mb]/[990.7mb], all_pools {[young] [38.5mb]->[29mb]/[266.2mb]}{[survivor] [386.8kb]->[8.5mb]/[33.2mb]}{[old] [391.5mb]->[405.9mb]/[691.2mb]}
[2017-06-02 17:16:30,026][INFO ][monitor.jvm              ] [node_petutor_01] [gc][young][223555][1387] duration [898ms], collections [1]/[1.5s], total [898ms]/[2.2m], memory [469.6mb]->[422mb]/[990.7mb], all_pools {[young] [55.2mb]->[635.2kb]/[266.2mb]}{[survivor] [8.5mb]->[7.4mb]/[33.2mb]}{[old] [405.9mb]->[414mb]/[691.2mb]}
[2017-06-02 17:16:32,063][WARN ][monitor.jvm              ] [node_petutor_01] [gc][young][223556][1388] duration [1.8s], collections [1]/[2s], total [1.8s]/[2.2m], memory [422mb]->[468.6mb]/[990.7mb], all_pools {[young] [635.2kb]->[29mb]/[266.2mb]}{[survivor] [7.4mb]->[8.5mb]/[33.2mb]}{[old] [414mb]->[431.1mb]/[691.2mb]}
[2017-06-02 17:17:26,969][WARN ][monitor.jvm              ] [node_petutor_01] [gc][young][223609][1389] duration [1.5s], collections [1]/[2.4s], total [1.5s]/[2.2m], memory [475.8mb]->[457.2mb]/[990.7mb], all_pools {[young] [36.1mb]->[2.4mb]/[266.2mb]}{[survivor] [8.5mb]->[8.5mb]/[33.2mb]}{[old] [431.1mb]->[446.3mb]/[691.2mb]}
[2017-06-02 17:17:44,928][WARN ][monitor.jvm              ] [node_petutor_01] [gc][young][223626][1391] duration [1.2s], collections [1]/[1.7s], total [1.2s]/[2.3m], memory [488.1mb]->[499.7mb]/[990.7mb], all_pools {[young] [39.4mb]->[28.8mb]/[266.2mb]}{[survivor] [2.1mb]->[8.5mb]/[33.2mb]}{[old] [446.5mb]->[462.3mb]/[691.2mb]}
[2017-06-02 17:19:40,545][WARN ][monitor.jvm              ] [node_petutor_01] [gc][young][223740][1392] duration [1s], collections [1]/[1.6s], total [1s]/[2.3m], memory [512.3mb]->[485.8mb]/[990.7mb], all_pools {[young] [41.4mb]->[552.3kb]/[266.2mb]}{[survivor] [8.5mb]->[8.5mb]/[33.2mb]}{[old] [462.3mb]->[476.7mb]/[691.2mb]}
[2017-06-02 17:19:56,139][WARN ][monitor.jvm              ] [node_petutor_01] [gc][young][223755][1394] duration [1.4s], collections [1]/[1.4s], total [1.4s]/[2.3m], memory [524.2mb]->[531.7mb]/[990.7mb], all_pools {[young] [42.1mb]->[29.1mb]/[266.2mb]}{[survivor] [5.2mb]->[8.5mb]/[33.2mb]}{[old] [476.8mb]->[494.3mb]/[691.2mb]}
[2017-06-02 17:20:11,411][WARN ][monitor.jvm              ] [node_petutor_01] [gc][young][223769][1395] duration [1.7s], collections [1]/[2.1s], total [1.7s]/[2.3m], memory [533.6mb]->[524mb]/[990.7mb], all_pools {[young] [30.8mb]->[1.3mb]/[266.2mb]}{[survivor] [8.5mb]->[8.5mb]/[33.2mb]}{[old] [494.3mb]->[514.2mb]/[691.2mb]}
[2017-06-02 17:20:27,604][WARN ][monitor.jvm              ] [node_petutor_01] [gc][young][223784][1396] duration [1.7s], collections [1]/[2s], total [1.7s]/[2.4m], memory [584.3mb]->[551.8mb]/[990.7mb], all_pools {[young] [61.6mb]->[882.8kb]/[266.2mb]}{[survivor] [8.5mb]->[8.5mb]/[33.2mb]}{[old] [514.2mb]->[542.4mb]/[691.2mb]}
[2017-06-02 17:21:12,501][WARN ][monitor.jvm              ] [node_petutor_01] [gc][young][223824][1399] duration [1.1s], collections [1]/[2s], total [1.1s]/[2.4m], memory [215.1mb]->[183.2mb]/[990.7mb], all_pools {[young] [64.3mb]->[1.1mb]/[266.2mb]}{[survivor] [8.5mb]->[8.5mb]/[33.2mb]}{[old] [142.2mb]->[173.6mb]/[691.2mb]}
[2017-06-02 17:21:48,093][WARN ][monitor.jvm              ] [node_petutor_01] [gc][young][223858][1403] duration [1.2s], collections [1]/[1.4s], total [1.2s]/[2.4m], memory [239.3mb]->[284.3mb]/[990.7mb], all_pools {[young] [1.7mb]->[29mb]/[266.2mb]}{[survivor] [8.5mb]->[8.5mb]/[33.2mb]}{[old] [229.1mb]->[246.8mb]/[691.2mb]}
[2017-06-02 17:22:03,795][INFO ][monitor.jvm              ] [node_petutor_01] [gc][young][223873][1404] duration [844ms], collections [1]/[1.5s], total [844ms]/[2.4m], memory [287.3mb]->[282.6mb]/[990.7mb], all_pools {[young] [32mb]->[700.1kb]/[266.2mb]}{[survivor] [8.5mb]->[8.5mb]/[33.2mb]}{[old] [246.8mb]->[273.4mb]/[691.2mb]}
[2017-06-02 17:22:51,280][WARN ][monitor.jvm              ] [node_petutor_01] [gc][young][223919][1409] duration [1.3s], collections [1]/[1.6s], total [1.3s]/[2.5m], memory [370mb]->[405mb]/[990.7mb], all_pools {[young] [12.3mb]->[417kb]/[266.2mb]}{[survivor] [7.6mb]->[8.5mb]/[33.2mb]}{[old] [350mb]->[396.1mb]/[691.2mb]}
[2017-06-02 17:42:03,565][INFO ][monitor.jvm              ] [node_petutor_01] [gc][young][225062][1434] duration [879ms], collections [1]/[1.3s], total [879ms]/[2.5m], memory [498.2mb]->[491.8mb]/[990.7mb], all_pools {[young] [35.9mb]->[2.5mb]/[266.2mb]}{[survivor] [8.5mb]->[8.5mb]/[33.2mb]}{[old] [453.7mb]->[480.7mb]/[691.2mb]}
