[2017-06-06 11:31:26,335][WARN ][monitor.jvm              ] [node_petutor_01] [gc][young][291590][1629] duration [6s], collections [1]/[6.4s], total [6s]/[3.8m], memory [350.2mb]->[359.6mb]/[990.7mb], all_pools {[young] [41mb]->[434.3kb]/[266.2mb]}{[survivor] [383.7kb]->[8.5mb]/[33.2mb]}{[old] [308.8mb]->[350.7mb]/[691.2mb]}
[2017-06-06 11:34:33,538][WARN ][monitor.jvm              ] [node_petutor_01] [gc][young][291773][1630] duration [3.4s], collections [1]/[4.3s], total [3.4s]/[3.9m], memory [409.3mb]->[374.5mb]/[990.7mb], all_pools {[young] [50.1mb]->[572.9kb]/[266.2mb]}{[survivor] [8.5mb]->[8.4mb]/[33.2mb]}{[old] [350.7mb]->[365.5mb]/[691.2mb]}
[2017-06-06 11:34:37,711][WARN ][monitor.jvm              ] [node_petutor_01] [gc][young][291775][1631] duration [2.3s], collections [1]/[3s], total [2.3s]/[3.9m], memory [392.9mb]->[417.6mb]/[990.7mb], all_pools {[young] [18.8mb]->[29.1mb]/[266.2mb]}{[survivor] [8.4mb]->[8.5mb]/[33.2mb]}{[old] [365.5mb]->[380mb]/[691.2mb]}
[2017-06-06 11:41:58,312][WARN ][monitor.jvm              ] [node_petutor_01] [gc][young][292211][1633] duration [2.2s], collections [1]/[2.3s], total [2.2s]/[4m], memory [418.1mb]->[441.6mb]/[990.7mb], all_pools {[young] [23.2mb]->[29.2mb]/[266.2mb]}{[survivor] [6.6mb]->[8.5mb]/[33.2mb]}{[old] [388.3mb]->[403.8mb]/[691.2mb]}
[2017-06-06 11:42:20,874][WARN ][monitor.jvm              ] [node_petutor_01] [gc][young][292231][1634] duration [2.8s], collections [1]/[3.4s], total [2.8s]/[4m], memory [443.3mb]->[435.3mb]/[990.7mb], all_pools {[young] [30.9mb]->[1.3mb]/[266.2mb]}{[survivor] [8.5mb]->[8.5mb]/[33.2mb]}{[old] [403.8mb]->[425.5mb]/[691.2mb]}
[2017-06-06 11:42:30,287][WARN ][monitor.jvm              ] [node_petutor_01] [gc][young][292233][1635] duration [7.7s], collections [1]/[8.3s], total [7.7s]/[4.2m], memory [496.1mb]->[493.4mb]/[990.7mb], all_pools {[young] [62.1mb]->[1.5mb]/[266.2mb]}{[survivor] [8.5mb]->[8.5mb]/[33.2mb]}{[old] [425.5mb]->[483.4mb]/[691.2mb]}
[2017-06-06 11:42:34,461][WARN ][monitor.jvm              ] [node_petutor_01] [gc][young][292234][1636] duration [3s], collections [1]/[4.1s], total [3s]/[4.2m], memory [493.4mb]->[543.6mb]/[990.7mb], all_pools {[young] [1.5mb]->[29.1mb]/[266.2mb]}{[survivor] [8.5mb]->[8.5mb]/[33.2mb]}{[old] [483.4mb]->[506mb]/[691.2mb]}
[2017-06-06 11:43:31,973][WARN ][monitor.jvm              ] [node_petutor_01] [gc][young][292289][1637] duration [2.5s], collections [1]/[3.2s], total [2.5s]/[4.2m], memory [548.8mb]->[539.8mb]/[990.7mb], all_pools {[young] [34.3mb]->[1.7mb]/[266.2mb]}{[survivor] [8.5mb]->[8.5mb]/[33.2mb]}{[old] [506mb]->[529.6mb]/[691.2mb]}
[2017-06-06 11:43:54,128][WARN ][monitor.jvm              ] [node_petutor_01] [gc][young][292307][1640] duration [1.5s], collections [1]/[2.4s], total [1.5s]/[4.3m], memory [192.9mb]->[140.6mb]/[990.7mb], all_pools {[young] [29.4mb]->[595.4kb]/[266.2mb]}{[survivor] [8.5mb]->[8.5mb]/[33.2mb]}{[old] [155mb]->[131.5mb]/[691.2mb]}
[2017-06-06 11:44:05,256][WARN ][monitor.jvm              ] [node_petutor_01] [gc][young][292317][1641] duration [1.1s], collections [1]/[2s], total [1.1s]/[4.3m], memory [200.8mb]->[171.3mb]/[990.7mb], all_pools {[young] [60.7mb]->[2.6mb]/[266.2mb]}{[survivor] [8.5mb]->[8.5mb]/[33.2mb]}{[old] [131.5mb]->[160.3mb]/[691.2mb]}
[2017-06-06 11:47:21,525][WARN ][monitor.jvm              ] [node_petutor_01] [gc][young][292511][1652] duration [1.2s], collections [1]/[1.8s], total [1.2s]/[4.4m], memory [481.3mb]->[464.9mb]/[990.7mb], all_pools {[young] [35.6mb]->[1.1mb]/[266.2mb]}{[survivor] [8.5mb]->[8.5mb]/[33.2mb]}{[old] [437.2mb]->[455.3mb]/[691.2mb]}
[2017-06-06 11:47:35,225][WARN ][monitor.jvm              ] [node_petutor_01] [gc][young][292522][1654] duration [3.1s], collections [1]/[3.3s], total [3.1s]/[4.4m], memory [469.6mb]->[514.8mb]/[990.7mb], all_pools {[young] [405.5kb]->[997.5kb]/[266.2mb]}{[survivor] [8.4mb]->[8.5mb]/[33.2mb]}{[old] [460.8mb]->[505.3mb]/[691.2mb]}
