[2017-06-12 13:36:42,065][WARN ][monitor.jvm              ] [node_petutor_01] [gc][young][436170][1996] duration [16.4s], collections [1]/[17.5s], total [16.4s]/[7.3m], memory [391.4mb]->[353.5mb]/[990.7mb], all_pools {[young] [68.2mb]->[496.8kb]/[266.2mb]}{[survivor] [436.1kb]->[8.4mb]/[33.2mb]}{[old] [322.7mb]->[344.5mb]/[691.2mb]}
[2017-06-12 13:38:37,113][WARN ][monitor.jvm              ] [node_petutor_01] [gc][young][436270][1997] duration [9.7s], collections [1]/[10.5s], total [9.7s]/[7.5m], memory [417.1mb]->[368.2mb]/[990.7mb], all_pools {[young] [64.1mb]->[953.7kb]/[266.2mb]}{[survivor] [8.4mb]->[8.4mb]/[33.2mb]}{[old] [344.5mb]->[358.8mb]/[691.2mb]}
[2017-06-12 13:39:02,154][WARN ][monitor.jvm              ] [node_petutor_01] [gc][young][436274][1998] duration [20.2s], collections [1]/[21.3s], total [20.2s]/[7.8m], memory [418.6mb]->[410.8mb]/[990.7mb], all_pools {[young] [51.2mb]->[8.3mb]/[266.2mb]}{[survivor] [8.4mb]->[8.5mb]/[33.2mb]}{[old] [358.8mb]->[394mb]/[691.2mb]}
[2017-06-12 13:39:22,865][WARN ][monitor.jvm              ] [node_petutor_01] [gc][young][436275][1999] duration [19.9s], collections [1]/[20.7s], total [19.9s]/[8.1m], memory [410.8mb]->[463.7mb]/[990.7mb], all_pools {[young] [8.3mb]->[28.9mb]/[266.2mb]}{[survivor] [8.5mb]->[8.5mb]/[33.2mb]}{[old] [394mb]->[426.3mb]/[691.2mb]}
[2017-06-12 13:39:39,570][WARN ][monitor.jvm              ] [node_petutor_01] [gc][young][436278][2000] duration [13.9s], collections [1]/[14.6s], total [13.9s]/[8.4m], memory [495.6mb]->[484.1mb]/[990.7mb], all_pools {[young] [60.7mb]->[1.5mb]/[266.2mb]}{[survivor] [8.5mb]->[8.5mb]/[33.2mb]}{[old] [426.3mb]->[474.1mb]/[691.2mb]}
[2017-06-12 13:40:05,352][WARN ][monitor.jvm              ] [node_petutor_01] [gc][young][436280][2001] duration [24s], collections [1]/[24.3s], total [24s]/[8.8m], memory [537.1mb]->[522.4mb]/[990.7mb], all_pools {[young] [54.5mb]->[258.1kb]/[266.2mb]}{[survivor] [8.5mb]->[8.5mb]/[33.2mb]}{[old] [474.1mb]->[513.7mb]/[691.2mb]}
[2017-06-12 13:40:40,691][WARN ][monitor.jvm              ] [node_petutor_01] [gc][young][436281][2003] duration [34.7s], collections [2]/[35.3s], total [34.7s]/[9.4m], memory [522.4mb]->[652.9mb]/[990.7mb], all_pools {[young] [258.1kb]->[28.8mb]/[266.2mb]}{[survivor] [8.5mb]->[8.5mb]/[33.2mb]}{[old] [513.7mb]->[615.5mb]/[691.2mb]}
[2017-06-12 13:40:47,322][WARN ][monitor.jvm              ] [node_petutor_01] [gc][young][436282][2004] duration [5.4s], collections [1]/[6.6s], total [5.4s]/[9.5m], memory [652.9mb]->[654.6mb]/[990.7mb], all_pools {[young] [28.8mb]->[5.8mb]/[266.2mb]}{[survivor] [8.5mb]->[8.5mb]/[33.2mb]}{[old] [615.5mb]->[640.5mb]/[691.2mb]}
[2017-06-12 13:41:54,409][WARN ][monitor.jvm              ] [node_petutor_01] [gc][old][436283][151] duration [1.1m], collections [1]/[1.1m], total [1.1m]/[2.1m], memory [654.6mb]->[254.5mb]/[990.7mb], all_pools {[young] [5.8mb]->[47.1mb]/[266.2mb]}{[survivor] [8.5mb]->[0b]/[33.2mb]}{[old] [640.5mb]->[207.4mb]/[691.2mb]}
[2017-06-12 13:44:29,683][WARN ][monitor.jvm              ] [node_petutor_01] [gc][young][436434][2006] duration [3.5s], collections [1]/[3.6s], total [3.5s]/[9.5m], memory [408.3mb]->[336.6mb]/[990.7mb], all_pools {[young] [200.9mb]->[29.8mb]/[266.2mb]}{[survivor] [0b]->[33.2mb]/[33.2mb]}{[old] [207.4mb]->[273.5mb]/[691.2mb]}
[2017-06-12 17:57:34,840][INFO ][monitor.jvm              ] [node_petutor_01] [gc][young][437782][2007] duration [716ms], collections [1]/[1s], total [716ms]/[9.5m], memory [572.6mb]->[333.1mb]/[990.7mb], all_pools {[young] [265.8mb]->[2.1mb]/[266.2mb]}{[survivor] [33.2mb]->[24.8mb]/[33.2mb]}{[old] [273.5mb]->[306.1mb]/[691.2mb]}
