[2017-02-20 19:04:48,509][WARN ][monitor.jvm              ] [node_petutor_01] [gc][young][272641][341] duration [3.9s], collections [1]/[4.2s], total [3.9s]/[35s], memory [256.7mb]->[278.8mb]/[990.7mb], all_pools {[young] [319.2kb]->[633.8kb]/[266.2mb]}{[survivor] [1.6mb]->[16.9mb]/[33.2mb]}{[old] [254.7mb]->[261.2mb]/[691.2mb]}
[2017-02-20 19:04:50,440][INFO ][monitor.jvm              ] [node_petutor_01] [gc][young][272642][343] duration [1.5s], collections [2]/[1.9s], total [1.5s]/[36.5s], memory [278.8mb]->[408.8mb]/[990.7mb], all_pools {[young] [633.8kb]->[86.8mb]/[266.2mb]}{[survivor] [16.9mb]->[5.1mb]/[33.2mb]}{[old] [261.2mb]->[316.7mb]/[691.2mb]}
[2017-02-20 19:04:52,874][WARN ][monitor.jvm              ] [node_petutor_01] [gc][young][272643][344] duration [2.2s], collections [1]/[2.4s], total [2.2s]/[38.8s], memory [408.8mb]->[368mb]/[990.7mb], all_pools {[young] [86.8mb]->[2.4mb]/[266.2mb]}{[survivor] [5.1mb]->[9.3mb]/[33.2mb]}{[old] [316.7mb]->[356.1mb]/[691.2mb]}
[2017-02-20 19:04:53,938][INFO ][monitor.jvm              ] [node_petutor_01] [gc][young][272644][345] duration [837ms], collections [1]/[1s], total [837ms]/[39.7s], memory [368mb]->[418.3mb]/[990.7mb], all_pools {[young] [2.4mb]->[2.5mb]/[266.2mb]}{[survivor] [9.3mb]->[12.4mb]/[33.2mb]}{[old] [356.1mb]->[403.4mb]/[691.2mb]}
[2017-02-20 19:05:48,512][WARN ][monitor.jvm              ] [node_petutor_01] [gc][old][272646][6] duration [52.8s], collections [1]/[53.2s], total [52.8s]/[1.1m], memory [536.6mb]->[122.4mb]/[990.7mb], all_pools {[young] [3.2mb]->[5.3mb]/[266.2mb]}{[survivor] [11.9mb]->[0b]/[33.2mb]}{[old] [521.4mb]->[117mb]/[691.2mb]}
[2017-02-20 19:05:52,588][WARN ][monitor.jvm              ] [node_petutor_01] [gc][young][272648][350] duration [2.8s], collections [1]/[3s], total [2.8s]/[43.6s], memory [290mb]->[307.8mb]/[990.7mb], all_pools {[young] [173mb]->[94mb]/[266.2mb]}{[survivor] [0b]->[10.7mb]/[33.2mb]}{[old] [117mb]->[203.1mb]/[691.2mb]}
[2017-02-20 19:05:56,393][INFO ][cluster.metadata         ] [node_petutor_01] [documents] update_mapping [video]
[2017-02-20 19:06:03,360][WARN ][monitor.jvm              ] [node_petutor_01] [gc][young][272657][353] duration [1.8s], collections [1]/[2.2s], total [1.8s]/[46s], memory [525.6mb]->[382.8mb]/[990.7mb], all_pools {[young] [173.9mb]->[8.1mb]/[266.2mb]}{[survivor] [33.2mb]->[33.2mb]/[33.2mb]}{[old] [318.4mb]->[341.4mb]/[691.2mb]}
[2017-02-20 19:06:06,416][WARN ][monitor.jvm              ] [node_petutor_01] [gc][young][272659][354] duration [1.8s], collections [1]/[1.8s], total [1.8s]/[47.8s], memory [632.4mb]->[405mb]/[990.7mb], all_pools {[young] [257.7mb]->[1.6mb]/[266.2mb]}{[survivor] [33.2mb]->[33.2mb]/[33.2mb]}{[old] [341.4mb]->[370.2mb]/[691.2mb]}
[2017-02-20 19:06:08,415][WARN ][monitor.jvm              ] [node_petutor_01] [gc][young][272660][355] duration [1.3s], collections [1]/[1.9s], total [1.3s]/[49.1s], memory [405mb]->[436.8mb]/[990.7mb], all_pools {[young] [1.6mb]->[2.4mb]/[266.2mb]}{[survivor] [33.2mb]->[33.2mb]/[33.2mb]}{[old] [370.2mb]->[401.1mb]/[691.2mb]}
[2017-02-20 19:06:11,197][WARN ][monitor.jvm              ] [node_petutor_01] [gc][young][272661][356] duration [2s], collections [1]/[2.7s], total [2s]/[51.2s], memory [436.8mb]->[464.5mb]/[990.7mb], all_pools {[young] [2.4mb]->[7.3mb]/[266.2mb]}{[survivor] [33.2mb]->[33.2mb]/[33.2mb]}{[old] [401.1mb]->[423.9mb]/[691.2mb]}
[2017-02-20 19:06:14,486][WARN ][monitor.jvm              ] [node_petutor_01] [gc][young][272663][357] duration [1.7s], collections [1]/[2.1s], total [1.7s]/[53s], memory [674.9mb]->[495.7mb]/[990.7mb], all_pools {[young] [217.7mb]->[165kb]/[266.2mb]}{[survivor] [33.2mb]->[33.2mb]/[33.2mb]}{[old] [423.9mb]->[462.3mb]/[691.2mb]}
