[2017-06-16 10:26:33,497][WARN ][monitor.jvm              ] [node_petutor_01] [gc][young][30606][136] duration [8.3s], collections [1]/[9.2s], total [8.3s]/[11.5s], memory [530.2mb]->[244.3mb]/[990.7mb], all_pools {[young] [265.1mb]->[1.9mb]/[266.2mb]}{[survivor] [33.2mb]->[10.5mb]/[33.2mb]}{[old] [231.9mb]->[231.9mb]/[691.2mb]}
[2017-06-16 11:27:53,756][WARN ][monitor.jvm              ] [node_petutor_01] [gc][young][34266][138] duration [4.1s], collections [1]/[4.5s], total [4.1s]/[15.9s], memory [506.9mb]->[287.8mb]/[990.7mb], all_pools {[young] [252.3mb]->[577.2kb]/[266.2mb]}{[survivor] [22.7mb]->[23mb]/[33.2mb]}{[old] [231.9mb]->[264.2mb]/[691.2mb]}
[2017-06-16 11:28:00,459][WARN ][monitor.jvm              ] [node_petutor_01] [gc][young][34272][139] duration [1s], collections [1]/[1.4s], total [1s]/[16.9s], memory [519.1mb]->[300.5mb]/[990.7mb], all_pools {[young] [231.9mb]->[1.9mb]/[266.2mb]}{[survivor] [23mb]->[33.2mb]/[33.2mb]}{[old] [264.2mb]->[265.3mb]/[691.2mb]}
[2017-06-16 11:28:41,248][WARN ][monitor.jvm              ] [node_petutor_01] [gc][young][34310][140] duration [2.5s], collections [1]/[2.7s], total [2.5s]/[19.5s], memory [561mb]->[319.6mb]/[990.7mb], all_pools {[young] [262.4mb]->[2.1mb]/[266.2mb]}{[survivor] [33.2mb]->[33.2mb]/[33.2mb]}{[old] [265.3mb]->[284.2mb]/[691.2mb]}
[2017-06-16 12:46:49,869][WARN ][monitor.jvm              ] [node_petutor_01] [gc][young][38972][142] duration [1.8s], collections [1]/[2.1s], total [1.8s]/[21.4s], memory [523.6mb]->[347.9mb]/[990.7mb], all_pools {[young] [227.6mb]->[30.6mb]/[266.2mb]}{[survivor] [11.7mb]->[33.1mb]/[33.2mb]}{[old] [284.2mb]->[284.2mb]/[691.2mb]}
[2017-06-16 12:47:19,886][WARN ][monitor.jvm              ] [node_petutor_01] [gc][young][38999][143] duration [3.8s], collections [1]/[3.8s], total [3.8s]/[25.2s], memory [568mb]->[336.9mb]/[990.7mb], all_pools {[young] [250.7mb]->[1.4mb]/[266.2mb]}{[survivor] [33.1mb]->[33.2mb]/[33.2mb]}{[old] [284.2mb]->[302.2mb]/[691.2mb]}
[2017-06-16 12:52:55,381][WARN ][monitor.jvm              ] [node_petutor_01] [gc][young][39330][144] duration [2.8s], collections [1]/[3.8s], total [2.8s]/[28.1s], memory [576.9mb]->[338mb]/[990.7mb], all_pools {[young] [241.5mb]->[1.7mb]/[266.2mb]}{[survivor] [33.2mb]->[33.2mb]/[33.2mb]}{[old] [302.2mb]->[303mb]/[691.2mb]}
[2017-06-16 13:30:55,692][WARN ][monitor.jvm              ] [node_petutor_01] [gc][young][41599][148] duration [2.3s], collections [1]/[2.9s], total [2.3s]/[30.7s], memory [544.6mb]->[353.5mb]/[990.7mb], all_pools {[young] [214.7mb]->[2.3mb]/[266.2mb]}{[survivor] [25.8mb]->[33.2mb]/[33.2mb]}{[old] [304mb]->[317.9mb]/[691.2mb]}
[2017-06-16 13:57:10,044][WARN ][monitor.jvm              ] [node_petutor_01] [gc][young][43164][149] duration [3.6s], collections [1]/[3.8s], total [3.6s]/[34.3s], memory [579.7mb]->[423.1mb]/[990.7mb], all_pools {[young] [228.5mb]->[30.8mb]/[266.2mb]}{[survivor] [33.2mb]->[33.2mb]/[33.2mb]}{[old] [317.9mb]->[359mb]/[691.2mb]}
[2017-06-16 14:58:33,964][WARN ][monitor.jvm              ] [node_petutor_01] [gc][young][46826][150] duration [5.3s], collections [1]/[5.9s], total [5.3s]/[39.7s], memory [641.4mb]->[422.3mb]/[990.7mb], all_pools {[young] [249.1mb]->[3.7mb]/[266.2mb]}{[survivor] [33.2mb]->[33.2mb]/[33.2mb]}{[old] [359mb]->[385.3mb]/[691.2mb]}
[2017-06-16 16:17:30,320][WARN ][monitor.jvm              ] [node_petutor_01] [gc][young][51533][151] duration [1.3s], collections [1]/[1.9s], total [1.3s]/[41s], memory [684.7mb]->[422.1mb]/[990.7mb], all_pools {[young] [266.1mb]->[1.6mb]/[266.2mb]}{[survivor] [33.2mb]->[24.4mb]/[33.2mb]}{[old] [385.3mb]->[396.2mb]/[691.2mb]}
