[2017-06-13 10:21:10,518][WARN ][monitor.jvm              ] [node_petutor_01] [gc][young][455146][2014] duration [3.3s], collections [1]/[3.7s], total [3.3s]/[9.6m], memory [556.8mb]->[358.5mb]/[990.7mb], all_pools {[young] [249.1mb]->[5.2mb]/[266.2mb]}{[survivor] [1mb]->[33.2mb]/[33.2mb]}{[old] [306.6mb]->[320.2mb]/[691.2mb]}
[2017-06-13 10:29:55,249][WARN ][monitor.jvm              ] [node_petutor_01] [gc][young][455666][2015] duration [2.2s], collections [1]/[2.4s], total [2.2s]/[9.6m], memory [566.1mb]->[392.6mb]/[990.7mb], all_pools {[young] [212.6mb]->[30.4mb]/[266.2mb]}{[survivor] [33.2mb]->[25.1mb]/[33.2mb]}{[old] [320.2mb]->[337.2mb]/[691.2mb]}
[2017-06-13 12:46:37,235][WARN ][monitor.jvm              ] [node_petutor_01] [gc][young][463804][2024] duration [7.2s], collections [2]/[7.8s], total [7.2s]/[9.8m], memory [564.4mb]->[547.6mb]/[990.7mb], all_pools {[young] [219.9mb]->[2.3mb]/[266.2mb]}{[survivor] [5.8mb]->[33.2mb]/[33.2mb]}{[old] [338.7mb]->[511.9mb]/[691.2mb]}
[2017-06-13 12:48:54,378][WARN ][monitor.jvm              ] [node_petutor_01] [gc][young][463937][2025] duration [2.6s], collections [1]/[2.8s], total [2.6s]/[9.8m], memory [440.2mb]->[375.9mb]/[990.7mb], all_pools {[young] [178.2mb]->[31.1mb]/[266.2mb]}{[survivor] [33.2mb]->[33.2mb]/[33.2mb]}{[old] [228.7mb]->[311.5mb]/[691.2mb]}
[2017-06-13 12:49:03,549][WARN ][monitor.jvm              ] [node_petutor_01] [gc][young][463938][2026] duration [8.8s], collections [1]/[9.1s], total [8.8s]/[9.9m], memory [375.9mb]->[537.5mb]/[990.7mb], all_pools {[young] [31.1mb]->[2.3mb]/[266.2mb]}{[survivor] [33.2mb]->[33.2mb]/[33.2mb]}{[old] [311.5mb]->[501.9mb]/[691.2mb]}
[2017-06-13 13:04:57,985][WARN ][monitor.jvm              ] [node_petutor_01] [gc][young][464872][2034] duration [14.4s], collections [2]/[15.4s], total [14.4s]/[10.2m], memory [636.7mb]->[674mb]/[990.7mb], all_pools {[young] [162.1mb]->[30.6mb]/[266.2mb]}{[survivor] [33.2mb]->[33.2mb]/[33.2mb]}{[old] [441.3mb]->[610.1mb]/[691.2mb]}
[2017-06-13 13:27:51,858][INFO ][monitor.jvm              ] [node_petutor_01] [gc][young][466237][2040] duration [796ms], collections [1]/[1s], total [796ms]/[10.2m], memory [666.4mb]->[533.2mb]/[990.7mb], all_pools {[young] [243.4mb]->[13.6mb]/[266.2mb]}{[survivor] [33.2mb]->[33.2mb]/[33.2mb]}{[old] [389.7mb]->[486.3mb]/[691.2mb]}
[2017-06-13 13:32:54,307][WARN ][monitor.jvm              ] [node_petutor_01] [gc][young][466537][2041] duration [1s], collections [1]/[1.3s], total [1s]/[10.2m], memory [655.1mb]->[617.4mb]/[990.7mb], all_pools {[young] [135.7mb]->[1.4mb]/[266.2mb]}{[survivor] [33.2mb]->[33.2mb]/[33.2mb]}{[old] [486.3mb]->[582.7mb]/[691.2mb]}
[2017-06-13 14:23:08,368][WARN ][monitor.jvm              ] [node_petutor_01] [gc][young][469529][2069] duration [5.4s], collections [1]/[5.8s], total [5.4s]/[10.4m], memory [673.6mb]->[669.1mb]/[990.7mb], all_pools {[young] [204.3mb]->[35.6mb]/[266.2mb]}{[survivor] [33.2mb]->[33.2mb]/[33.2mb]}{[old] [436.1mb]->[600.2mb]/[691.2mb]}
[2017-06-13 14:24:00,143][WARN ][monitor.jvm              ] [node_petutor_01] [gc][young][469575][2087] duration [3.8s], collections [1]/[4.6s], total [3.8s]/[10.5m], memory [757.3mb]->[697.7mb]/[990.7mb], all_pools {[young] [249mb]->[1.5mb]/[266.2mb]}{[survivor] [33.2mb]->[33.2mb]/[33.2mb]}{[old] [475mb]->[664.1mb]/[691.2mb]}
[2017-06-13 16:42:09,391][INFO ][node                     ] [node_petutor_01] version[2.4.1], pid[9968], build[c67dc32/2016-09-27T18:57:55Z]
[2017-06-13 16:42:09,428][INFO ][node                     ] [node_petutor_01] initializing ...
[2017-06-13 16:42:11,238][INFO ][plugins                  ] [node_petutor_01] modules [reindex, lang-expression, lang-groovy], plugins [head], sites [head]
[2017-06-13 16:42:11,407][INFO ][env                      ] [node_petutor_01] using [1] data paths, mounts [[OS (C:)]], net usable_space [631gb], net total_space [921gb], spins? [unknown], types [NTFS]
[2017-06-13 16:42:11,407][INFO ][env                      ] [node_petutor_01] heap size [990.7mb], compressed ordinary object pointers [true]
[2017-06-13 16:42:15,709][INFO ][script                   ] [node_petutor_01] compiling script file [C:\ElasticSearch\elasticsearch-2.4.1\config\scripts\query_concepts_template.mustache]
[2017-06-13 16:42:16,895][INFO ][node                     ] [node_petutor_01] initialized
[2017-06-13 16:42:16,895][INFO ][node                     ] [node_petutor_01] starting ...
[2017-06-13 16:42:18,027][INFO ][transport                ] [node_petutor_01] publish_address {127.0.0.1:9300}, bound_addresses {127.0.0.1:9300}, {[::1]:9300}
[2017-06-13 16:42:18,064][INFO ][discovery                ] [node_petutor_01] cluster_petutor/UsorFrXZRCuunV_G8O_Gfg
[2017-06-13 16:42:22,227][INFO ][cluster.service          ] [node_petutor_01] new_master {node_petutor_01}{UsorFrXZRCuunV_G8O_Gfg}{127.0.0.1}{127.0.0.1:9300}, reason: zen-disco-join(elected_as_master, [0] joins received)
[2017-06-13 16:42:22,453][INFO ][http                     ] [node_petutor_01] publish_address {127.0.0.1:9201}, bound_addresses {127.0.0.1:9201}, {[::1]:9201}
[2017-06-13 16:42:22,453][INFO ][node                     ] [node_petutor_01] started
[2017-06-13 16:42:24,331][INFO ][gateway                  ] [node_petutor_01] recovered [9] indices into cluster_state
[2017-06-13 16:42:43,203][INFO ][cluster.routing.allocation] [node_petutor_01] Cluster health status changed from [RED] to [YELLOW] (reason: [shards started [[.kibana][0]] ...]).
